# DICEwattch Power Report (XML-driven, GPUWattch-format)
kernel_name = _Z16stencil3d_kernelPKiPiiii 
kernel_launch_uid = 1 

Kernel Average Power Data:
kernel_avg_power = 84.4284
gpu_avg_IBP, = 0
gpu_avg_ICP, = 0.13621
gpu_avg_DCP, = 1.22432
gpu_avg_TCP, = 0
gpu_avg_CCP, = 0.00654708
gpu_avg_SHRDP, = 0
gpu_avg_RFP, = 5.39464
gpu_avg_SPP, = 1.60859
gpu_avg_SFUP, = 0
gpu_avg_FPUP, = 0
gpu_avg_SCHEDP, = 6.30238e-05
gpu_avg_L2CP, = 0.300355
gpu_avg_MCP, = 0.00293881
gpu_avg_NOCP, = 4.14983
gpu_avg_DRAMP, = 0.0246463
gpu_avg_PIPEP, = 0.511234
gpu_avg_IDLE_COREP, = 0.0121383
gpu_avg_CONST_DYNAMICP, = 32.325
gpu_avg_BCP, = 0.0116228
gpu_avg_DPUP, = 0
gpu_avg_INT_MUL24P, = 0
gpu_avg_INT_MUL32P, = 1.48022
gpu_avg_INT_MULP, = 0
gpu_avg_INT_DIVP, = 0
gpu_avg_FP_MULP, = 0
gpu_avg_FP_DIVP, = 0
gpu_avg_FP_SQRTP, = 0
gpu_avg_FP_LGP, = 0
gpu_avg_FP_SINP, = 0
gpu_avg_FP_EXP, = 0
gpu_avg_DP_MULP, = 0
gpu_avg_DP_DIVP, = 0
gpu_avg_TENSORP, = 0
gpu_avg_TEXP, = 0
gpu_avg_STATICP = 37.24
gpu_avg_TOT_INST, = 1.31174e+06
gpu_avg_FP_INT, = 4.39091e+06
gpu_avg_IC_H, = 2816
gpu_avg_IC_M, = 0
gpu_avg_DC_RH, = 23335
gpu_avg_DC_RM, = 0
gpu_avg_DC_WH, = 0
gpu_avg_DC_WM, = 0
gpu_avg_TC_H, = 0
gpu_avg_TC_M, = 0
gpu_avg_CC_H, = 1280
gpu_avg_CC_M, = 0
gpu_avg_SHRD_ACC, = 0
gpu_avg_REG_RD, = 3.73555e+06
gpu_avg_REG_WR, = 2.67469e+06
gpu_avg_NON_REG_OPs, = 0
gpu_avg_SP_ACC, = 5.04627e+06
gpu_avg_SFU_ACC, = 0
gpu_avg_FPU_ACC, = 0
gpu_avg_MEM_RD, = 54
gpu_avg_MEM_WR, = 0
gpu_avg_MEM_PRE, = 2
gpu_avg_L2_RH, = 29286
gpu_avg_L2_RM, = 0
gpu_avg_L2_WH, = 2048
gpu_avg_L2_WM, = 0
gpu_avg_NOC_A, = 80416
gpu_avg_PIPE_A, = 0
gpu_avg_IDLE_CORE_N, = 0
gpu_avg_CONST_DYNAMICN, = 0
gpu_avg_DICE_L1B_ACC, = 2560
gpu_avg_DICE_SIMT_STACK_RD, = 2560
gpu_avg_DICE_SIMT_STACK_WR, = 2816
gpu_avg_DICE_DISPATCH_TH, = 1.31174e+06
gpu_avg_DICE_SCB_LD_RSV, = 458752
gpu_avg_DICE_E_BLOCKS, = 2816
gpu_avg_DICE_CTA = 256

Kernel Maximum Power Data:
kernel_max_power = 84.4284
gpu_max_IBP, = 0
gpu_max_ICP, = 0.13621
gpu_max_DCP, = 1.22432
gpu_max_TCP, = 0
gpu_max_CCP, = 0.00654708
gpu_max_SHRDP, = 0
gpu_max_RFP, = 5.39464
gpu_max_SPP, = 1.60859
gpu_max_SFUP, = 0
gpu_max_FPUP, = 0
gpu_max_SCHEDP, = 6.30238e-05
gpu_max_L2CP, = 0.300355
gpu_max_MCP, = 0.00293881
gpu_max_NOCP, = 4.14983
gpu_max_DRAMP, = 0.0246463
gpu_max_PIPEP, = 0.511234
gpu_max_IDLE_COREP, = 0.0121383
gpu_max_CONST_DYNAMICP, = 32.325
gpu_max_BCP, = 0.0116228
gpu_max_DPUP, = 0
gpu_max_INT_MUL24P, = 0
gpu_max_INT_MUL32P, = 1.48022
gpu_max_INT_MULP, = 0
gpu_max_INT_DIVP, = 0
gpu_max_FP_MULP, = 0
gpu_max_FP_DIVP, = 0
gpu_max_FP_SQRTP, = 0
gpu_max_FP_LGP, = 0
gpu_max_FP_SINP, = 0
gpu_max_FP_EXP, = 0
gpu_max_DP_MULP, = 0
gpu_max_DP_DIVP, = 0
gpu_max_TENSORP, = 0
gpu_max_TEXP, = 0
gpu_max_STATICP = 37.24
gpu_max_TOT_INST, = 1.31174e+06
gpu_max_FP_INT, = 4.39091e+06
gpu_max_IC_H, = 2816
gpu_max_IC_M, = 0
gpu_max_DC_RH, = 23335
gpu_max_DC_RM, = 0
gpu_max_DC_WH, = 0
gpu_max_DC_WM, = 0
gpu_max_TC_H, = 0
gpu_max_TC_M, = 0
gpu_max_CC_H, = 1280
gpu_max_CC_M, = 0
gpu_max_SHRD_ACC, = 0
gpu_max_REG_RD, = 3.73555e+06
gpu_max_REG_WR, = 2.67469e+06
gpu_max_NON_REG_OPs, = 0
gpu_max_SP_ACC, = 5.04627e+06
gpu_max_SFU_ACC, = 0
gpu_max_FPU_ACC, = 0
gpu_max_MEM_RD, = 54
gpu_max_MEM_WR, = 0
gpu_max_MEM_PRE, = 2
gpu_max_L2_RH, = 29286
gpu_max_L2_RM, = 0
gpu_max_L2_WH, = 2048
gpu_max_L2_WM, = 0
gpu_max_NOC_A, = 80416
gpu_max_PIPE_A, = 0
gpu_max_IDLE_CORE_N, = 0
gpu_max_CONST_DYNAMICN, = 0
gpu_max_DICE_L1B_ACC, = 2560
gpu_max_DICE_SIMT_STACK_RD, = 2560
gpu_max_DICE_SIMT_STACK_WR, = 2816
gpu_max_DICE_DISPATCH_TH, = 1.31174e+06
gpu_max_DICE_SCB_LD_RSV, = 458752
gpu_max_DICE_E_BLOCKS, = 2816
gpu_max_DICE_CTA = 256

Kernel Minimum Power Data:
kernel_min_power = 84.4284
gpu_min_IBP, = 0
gpu_min_ICP, = 0.13621
gpu_min_DCP, = 1.22432
gpu_min_TCP, = 0
gpu_min_CCP, = 0.00654708
gpu_min_SHRDP, = 0
gpu_min_RFP, = 5.39464
gpu_min_SPP, = 1.60859
gpu_min_SFUP, = 0
gpu_min_FPUP, = 0
gpu_min_SCHEDP, = 6.30238e-05
gpu_min_L2CP, = 0.300355
gpu_min_MCP, = 0.00293881
gpu_min_NOCP, = 4.14983
gpu_min_DRAMP, = 0.0246463
gpu_min_PIPEP, = 0.511234
gpu_min_IDLE_COREP, = 0.0121383
gpu_min_CONST_DYNAMICP, = 32.325
gpu_min_BCP, = 0.0116228
gpu_min_DPUP, = 0
gpu_min_INT_MUL24P, = 0
gpu_min_INT_MUL32P, = 1.48022
gpu_min_INT_MULP, = 0
gpu_min_INT_DIVP, = 0
gpu_min_FP_MULP, = 0
gpu_min_FP_DIVP, = 0
gpu_min_FP_SQRTP, = 0
gpu_min_FP_LGP, = 0
gpu_min_FP_SINP, = 0
gpu_min_FP_EXP, = 0
gpu_min_DP_MULP, = 0
gpu_min_DP_DIVP, = 0
gpu_min_TENSORP, = 0
gpu_min_TEXP, = 0
gpu_min_STATICP = 37.24
gpu_min_TOT_INST, = 1.31174e+06
gpu_min_FP_INT, = 4.39091e+06
gpu_min_IC_H, = 2816
gpu_min_IC_M, = 0
gpu_min_DC_RH, = 23335
gpu_min_DC_RM, = 0
gpu_min_DC_WH, = 0
gpu_min_DC_WM, = 0
gpu_min_TC_H, = 0
gpu_min_TC_M, = 0
gpu_min_CC_H, = 1280
gpu_min_CC_M, = 0
gpu_min_SHRD_ACC, = 0
gpu_min_REG_RD, = 3.73555e+06
gpu_min_REG_WR, = 2.67469e+06
gpu_min_NON_REG_OPs, = 0
gpu_min_SP_ACC, = 5.04627e+06
gpu_min_SFU_ACC, = 0
gpu_min_FPU_ACC, = 0
gpu_min_MEM_RD, = 54
gpu_min_MEM_WR, = 0
gpu_min_MEM_PRE, = 2
gpu_min_L2_RH, = 29286
gpu_min_L2_RM, = 0
gpu_min_L2_WH, = 2048
gpu_min_L2_WM, = 0
gpu_min_NOC_A, = 80416
gpu_min_PIPE_A, = 0
gpu_min_IDLE_CORE_N, = 0
gpu_min_CONST_DYNAMICN, = 0
gpu_min_DICE_L1B_ACC, = 2560
gpu_min_DICE_SIMT_STACK_RD, = 2560
gpu_min_DICE_SIMT_STACK_WR, = 2816
gpu_min_DICE_DISPATCH_TH, = 1.31174e+06
gpu_min_DICE_SCB_LD_RSV, = 458752
gpu_min_DICE_E_BLOCKS, = 2816
gpu_min_DICE_CTA = 256

Accumulative Power Statistics Over Previous Kernels:
gpu_tot_avg_power = 84.4284
gpu_tot_max_power = 84.4284
gpu_tot_min_power = 84.4284


