# DICEwattch Power Report (XML-driven, GPUWattch-format)
kernel_name = _Z14calculate_tempiPfS_S_iiiiffffff 
kernel_launch_uid = 1 

Kernel Average Power Data:
kernel_avg_power = 101.415
gpu_avg_IBP, = 0
gpu_avg_ICP, = 0.181998
gpu_avg_DCP, = 1.80665
gpu_avg_TCP, = 0
gpu_avg_CCP, = 0.0177767
gpu_avg_SHRDP, = 0
gpu_avg_RFP, = 6.90677
gpu_avg_SPP, = 3.63555
gpu_avg_SFUP, = 0
gpu_avg_FPUP, = 2.54755
gpu_avg_SCHEDP, = 8.42101e-05
gpu_avg_L2CP, = 0.461768
gpu_avg_MCP, = 0.000440464
gpu_avg_NOCP, = 3.62512
gpu_avg_DRAMP, = 0.00369395
gpu_avg_PIPEP, = 0.601532
gpu_avg_IDLE_COREP, = 0.0121383
gpu_avg_CONST_DYNAMICP, = 32.325
gpu_avg_BCP, = 0.0158692
gpu_avg_DPUP, = 0
gpu_avg_INT_MUL24P, = 0
gpu_avg_INT_MUL32P, = 0.772908
gpu_avg_INT_MULP, = 0
gpu_avg_INT_DIVP, = 0
gpu_avg_FP_MULP, = 0
gpu_avg_FP_DIVP, = 11.26
gpu_avg_FP_SQRTP, = 0
gpu_avg_FP_LGP, = 0
gpu_avg_FP_SINP, = 0
gpu_avg_FP_EXP, = 0
gpu_avg_DP_MULP, = 0
gpu_avg_DP_DIVP, = 0
gpu_avg_TENSORP, = 0
gpu_avg_TEXP, = 0
gpu_avg_STATICP = 37.24
gpu_avg_TOT_INST, = 1.70478e+07
gpu_avg_FP_INT, = 7.4315e+07
gpu_avg_IC_H, = 26023
gpu_avg_IC_M, = 0
gpu_avg_DC_RH, = 238152
gpu_avg_DC_RM, = 0
gpu_avg_DC_WH, = 0
gpu_avg_DC_WM, = 0
gpu_avg_TC_H, = 0
gpu_avg_TC_M, = 0
gpu_avg_CC_H, = 24037
gpu_avg_CC_M, = 0
gpu_avg_SHRD_ACC, = 0
gpu_avg_REG_RD, = 3.45541e+07
gpu_avg_REG_WR, = 2.26994e+07
gpu_avg_NON_REG_OPs, = 0
gpu_avg_SP_ACC, = 7.10016e+07
gpu_avg_SFU_ACC, = 0
gpu_avg_FPU_ACC, = 7.5735e+06
gpu_avg_MEM_RD, = 56
gpu_avg_MEM_WR, = 0
gpu_avg_MEM_PRE, = 2
gpu_avg_L2_RH, = 174724
gpu_avg_L2_RM, = 0
gpu_avg_L2_WH, = 65536
gpu_avg_L2_WM, = 0
gpu_avg_NOC_A, = 485848
gpu_avg_PIPE_A, = 0
gpu_avg_IDLE_CORE_N, = 0
gpu_avg_CONST_DYNAMICN, = 0
gpu_avg_DICE_L1B_ACC, = 24174
gpu_avg_DICE_SIMT_STACK_RD, = 24037
gpu_avg_DICE_SIMT_STACK_WR, = 29584
gpu_avg_DICE_DISPATCH_TH, = 1.70478e+07
gpu_avg_DICE_SCB_LD_RSV, = 946688
gpu_avg_DICE_E_BLOCKS, = 26023
gpu_avg_DICE_CTA = 1849

Kernel Maximum Power Data:
kernel_max_power = 101.415
gpu_max_IBP, = 0
gpu_max_ICP, = 0.181998
gpu_max_DCP, = 1.80665
gpu_max_TCP, = 0
gpu_max_CCP, = 0.0177767
gpu_max_SHRDP, = 0
gpu_max_RFP, = 6.90677
gpu_max_SPP, = 3.63555
gpu_max_SFUP, = 0
gpu_max_FPUP, = 2.54755
gpu_max_SCHEDP, = 8.42101e-05
gpu_max_L2CP, = 0.461768
gpu_max_MCP, = 0.000440464
gpu_max_NOCP, = 3.62512
gpu_max_DRAMP, = 0.00369395
gpu_max_PIPEP, = 0.601532
gpu_max_IDLE_COREP, = 0.0121383
gpu_max_CONST_DYNAMICP, = 32.325
gpu_max_BCP, = 0.0158692
gpu_max_DPUP, = 0
gpu_max_INT_MUL24P, = 0
gpu_max_INT_MUL32P, = 0.772908
gpu_max_INT_MULP, = 0
gpu_max_INT_DIVP, = 0
gpu_max_FP_MULP, = 0
gpu_max_FP_DIVP, = 11.26
gpu_max_FP_SQRTP, = 0
gpu_max_FP_LGP, = 0
gpu_max_FP_SINP, = 0
gpu_max_FP_EXP, = 0
gpu_max_DP_MULP, = 0
gpu_max_DP_DIVP, = 0
gpu_max_TENSORP, = 0
gpu_max_TEXP, = 0
gpu_max_STATICP = 37.24
gpu_max_TOT_INST, = 1.70478e+07
gpu_max_FP_INT, = 7.4315e+07
gpu_max_IC_H, = 26023
gpu_max_IC_M, = 0
gpu_max_DC_RH, = 238152
gpu_max_DC_RM, = 0
gpu_max_DC_WH, = 0
gpu_max_DC_WM, = 0
gpu_max_TC_H, = 0
gpu_max_TC_M, = 0
gpu_max_CC_H, = 24037
gpu_max_CC_M, = 0
gpu_max_SHRD_ACC, = 0
gpu_max_REG_RD, = 3.45541e+07
gpu_max_REG_WR, = 2.26994e+07
gpu_max_NON_REG_OPs, = 0
gpu_max_SP_ACC, = 7.10016e+07
gpu_max_SFU_ACC, = 0
gpu_max_FPU_ACC, = 7.5735e+06
gpu_max_MEM_RD, = 56
gpu_max_MEM_WR, = 0
gpu_max_MEM_PRE, = 2
gpu_max_L2_RH, = 174724
gpu_max_L2_RM, = 0
gpu_max_L2_WH, = 65536
gpu_max_L2_WM, = 0
gpu_max_NOC_A, = 485848
gpu_max_PIPE_A, = 0
gpu_max_IDLE_CORE_N, = 0
gpu_max_CONST_DYNAMICN, = 0
gpu_max_DICE_L1B_ACC, = 24174
gpu_max_DICE_SIMT_STACK_RD, = 24037
gpu_max_DICE_SIMT_STACK_WR, = 29584
gpu_max_DICE_DISPATCH_TH, = 1.70478e+07
gpu_max_DICE_SCB_LD_RSV, = 946688
gpu_max_DICE_E_BLOCKS, = 26023
gpu_max_DICE_CTA = 1849

Kernel Minimum Power Data:
kernel_min_power = 101.415
gpu_min_IBP, = 0
gpu_min_ICP, = 0.181998
gpu_min_DCP, = 1.80665
gpu_min_TCP, = 0
gpu_min_CCP, = 0.0177767
gpu_min_SHRDP, = 0
gpu_min_RFP, = 6.90677
gpu_min_SPP, = 3.63555
gpu_min_SFUP, = 0
gpu_min_FPUP, = 2.54755
gpu_min_SCHEDP, = 8.42101e-05
gpu_min_L2CP, = 0.461768
gpu_min_MCP, = 0.000440464
gpu_min_NOCP, = 3.62512
gpu_min_DRAMP, = 0.00369395
gpu_min_PIPEP, = 0.601532
gpu_min_IDLE_COREP, = 0.0121383
gpu_min_CONST_DYNAMICP, = 32.325
gpu_min_BCP, = 0.0158692
gpu_min_DPUP, = 0
gpu_min_INT_MUL24P, = 0
gpu_min_INT_MUL32P, = 0.772908
gpu_min_INT_MULP, = 0
gpu_min_INT_DIVP, = 0
gpu_min_FP_MULP, = 0
gpu_min_FP_DIVP, = 11.26
gpu_min_FP_SQRTP, = 0
gpu_min_FP_LGP, = 0
gpu_min_FP_SINP, = 0
gpu_min_FP_EXP, = 0
gpu_min_DP_MULP, = 0
gpu_min_DP_DIVP, = 0
gpu_min_TENSORP, = 0
gpu_min_TEXP, = 0
gpu_min_STATICP = 37.24
gpu_min_TOT_INST, = 1.70478e+07
gpu_min_FP_INT, = 7.4315e+07
gpu_min_IC_H, = 26023
gpu_min_IC_M, = 0
gpu_min_DC_RH, = 238152
gpu_min_DC_RM, = 0
gpu_min_DC_WH, = 0
gpu_min_DC_WM, = 0
gpu_min_TC_H, = 0
gpu_min_TC_M, = 0
gpu_min_CC_H, = 24037
gpu_min_CC_M, = 0
gpu_min_SHRD_ACC, = 0
gpu_min_REG_RD, = 3.45541e+07
gpu_min_REG_WR, = 2.26994e+07
gpu_min_NON_REG_OPs, = 0
gpu_min_SP_ACC, = 7.10016e+07
gpu_min_SFU_ACC, = 0
gpu_min_FPU_ACC, = 7.5735e+06
gpu_min_MEM_RD, = 56
gpu_min_MEM_WR, = 0
gpu_min_MEM_PRE, = 2
gpu_min_L2_RH, = 174724
gpu_min_L2_RM, = 0
gpu_min_L2_WH, = 65536
gpu_min_L2_WM, = 0
gpu_min_NOC_A, = 485848
gpu_min_PIPE_A, = 0
gpu_min_IDLE_CORE_N, = 0
gpu_min_CONST_DYNAMICN, = 0
gpu_min_DICE_L1B_ACC, = 24174
gpu_min_DICE_SIMT_STACK_RD, = 24037
gpu_min_DICE_SIMT_STACK_WR, = 29584
gpu_min_DICE_DISPATCH_TH, = 1.70478e+07
gpu_min_DICE_SCB_LD_RSV, = 946688
gpu_min_DICE_E_BLOCKS, = 26023
gpu_min_DICE_CTA = 1849

Accumulative Power Statistics Over Previous Kernels:
gpu_tot_avg_power = 101.415
gpu_tot_max_power = 101.415
gpu_tot_min_power = 101.415


