# DICEwattch Power Report (XML-driven, GPUWattch-format)
kernel_name = _Z14calculate_tempiPfS_S_iiiiffffff 
kernel_launch_uid = 1 

Kernel Average Power Data:
kernel_avg_power = 101.809
gpu_avg_IBP, = 0
gpu_avg_ICP, = 0.211469
gpu_avg_DCP, = 1.67425
gpu_avg_TCP, = 0
gpu_avg_CCP, = 0.0167283
gpu_avg_SHRDP, = 0.308957
gpu_avg_RFP, = 8.78076
gpu_avg_SPP, = 3.28057
gpu_avg_SFUP, = 0
gpu_avg_FPUP, = 1.8239
gpu_avg_SCHEDP, = 9.78462e-05
gpu_avg_L2CP, = 0.430453
gpu_avg_MCP, = 0.00050226
gpu_avg_NOCP, = 3.36801
gpu_avg_DRAMP, = 0.0042122
gpu_avg_PIPEP, = 0.830469
gpu_avg_IDLE_COREP, = 0.0121383
gpu_avg_CONST_DYNAMICP, = 32.325
gpu_avg_BCP, = 0.018707
gpu_avg_DPUP, = 0
gpu_avg_INT_MUL24P, = 0
gpu_avg_INT_MUL32P, = 0.727323
gpu_avg_INT_MULP, = 0
gpu_avg_INT_DIVP, = 0
gpu_avg_FP_MULP, = 0.15965
gpu_avg_FP_DIVP, = 10.5959
gpu_avg_FP_SQRTP, = 0
gpu_avg_FP_LGP, = 0
gpu_avg_FP_SINP, = 0
gpu_avg_FP_EXP, = 0
gpu_avg_DP_MULP, = 0
gpu_avg_DP_DIVP, = 0
gpu_avg_TENSORP, = 0
gpu_avg_TEXP, = 0
gpu_avg_STATICP = 37.24
gpu_avg_TOT_INST, = 2.15152e+07
gpu_avg_FP_INT, = 7.01365e+07
gpu_avg_IC_H, = 32132
gpu_avg_IC_M, = 0
gpu_avg_DC_RH, = 234531
gpu_avg_DC_RM, = 0
gpu_avg_DC_WH, = 0
gpu_avg_DC_WM, = 0
gpu_avg_TC_H, = 0
gpu_avg_TC_M, = 0
gpu_avg_CC_H, = 24037
gpu_avg_CC_M, = 0
gpu_avg_SHRD_ACC, = 4.98418e+06
gpu_avg_REG_RD, = 4.22505e+07
gpu_avg_REG_WR, = 3.36219e+07
gpu_avg_NON_REG_OPs, = 0
gpu_avg_SP_ACC, = 6.81817e+07
gpu_avg_SFU_ACC, = 0
gpu_avg_FPU_ACC, = 6.83226e+06
gpu_avg_MEM_RD, = 68
gpu_avg_MEM_WR, = 0
gpu_avg_MEM_PRE, = 2
gpu_avg_L2_RH, = 171161
gpu_avg_L2_RM, = 0
gpu_avg_L2_WH, = 65536
gpu_avg_L2_WM, = 0
gpu_avg_NOC_A, = 479680
gpu_avg_PIPE_A, = 0
gpu_avg_IDLE_CORE_N, = 0
gpu_avg_CONST_DYNAMICN, = 0
gpu_avg_DICE_L1B_ACC, = 30283
gpu_avg_DICE_SIMT_STACK_RD, = 29584
gpu_avg_DICE_SIMT_STACK_WR, = 38829
gpu_avg_DICE_DISPATCH_TH, = 2.15152e+07
gpu_avg_DICE_SCB_LD_RSV, = 5.96816e+06
gpu_avg_DICE_E_BLOCKS, = 32132
gpu_avg_DICE_CTA = 1849

Kernel Maximum Power Data:
kernel_max_power = 101.809
gpu_max_IBP, = 0
gpu_max_ICP, = 0.211469
gpu_max_DCP, = 1.67425
gpu_max_TCP, = 0
gpu_max_CCP, = 0.0167283
gpu_max_SHRDP, = 0.308957
gpu_max_RFP, = 8.78076
gpu_max_SPP, = 3.28057
gpu_max_SFUP, = 0
gpu_max_FPUP, = 1.8239
gpu_max_SCHEDP, = 9.78462e-05
gpu_max_L2CP, = 0.430453
gpu_max_MCP, = 0.00050226
gpu_max_NOCP, = 3.36801
gpu_max_DRAMP, = 0.0042122
gpu_max_PIPEP, = 0.830469
gpu_max_IDLE_COREP, = 0.0121383
gpu_max_CONST_DYNAMICP, = 32.325
gpu_max_BCP, = 0.018707
gpu_max_DPUP, = 0
gpu_max_INT_MUL24P, = 0
gpu_max_INT_MUL32P, = 0.727323
gpu_max_INT_MULP, = 0
gpu_max_INT_DIVP, = 0
gpu_max_FP_MULP, = 0.15965
gpu_max_FP_DIVP, = 10.5959
gpu_max_FP_SQRTP, = 0
gpu_max_FP_LGP, = 0
gpu_max_FP_SINP, = 0
gpu_max_FP_EXP, = 0
gpu_max_DP_MULP, = 0
gpu_max_DP_DIVP, = 0
gpu_max_TENSORP, = 0
gpu_max_TEXP, = 0
gpu_max_STATICP = 37.24
gpu_max_TOT_INST, = 2.15152e+07
gpu_max_FP_INT, = 7.01365e+07
gpu_max_IC_H, = 32132
gpu_max_IC_M, = 0
gpu_max_DC_RH, = 234531
gpu_max_DC_RM, = 0
gpu_max_DC_WH, = 0
gpu_max_DC_WM, = 0
gpu_max_TC_H, = 0
gpu_max_TC_M, = 0
gpu_max_CC_H, = 24037
gpu_max_CC_M, = 0
gpu_max_SHRD_ACC, = 4.98418e+06
gpu_max_REG_RD, = 4.22505e+07
gpu_max_REG_WR, = 3.36219e+07
gpu_max_NON_REG_OPs, = 0
gpu_max_SP_ACC, = 6.81817e+07
gpu_max_SFU_ACC, = 0
gpu_max_FPU_ACC, = 6.83226e+06
gpu_max_MEM_RD, = 68
gpu_max_MEM_WR, = 0
gpu_max_MEM_PRE, = 2
gpu_max_L2_RH, = 171161
gpu_max_L2_RM, = 0
gpu_max_L2_WH, = 65536
gpu_max_L2_WM, = 0
gpu_max_NOC_A, = 479680
gpu_max_PIPE_A, = 0
gpu_max_IDLE_CORE_N, = 0
gpu_max_CONST_DYNAMICN, = 0
gpu_max_DICE_L1B_ACC, = 30283
gpu_max_DICE_SIMT_STACK_RD, = 29584
gpu_max_DICE_SIMT_STACK_WR, = 38829
gpu_max_DICE_DISPATCH_TH, = 2.15152e+07
gpu_max_DICE_SCB_LD_RSV, = 5.96816e+06
gpu_max_DICE_E_BLOCKS, = 32132
gpu_max_DICE_CTA = 1849

Kernel Minimum Power Data:
kernel_min_power = 101.809
gpu_min_IBP, = 0
gpu_min_ICP, = 0.211469
gpu_min_DCP, = 1.67425
gpu_min_TCP, = 0
gpu_min_CCP, = 0.0167283
gpu_min_SHRDP, = 0.308957
gpu_min_RFP, = 8.78076
gpu_min_SPP, = 3.28057
gpu_min_SFUP, = 0
gpu_min_FPUP, = 1.8239
gpu_min_SCHEDP, = 9.78462e-05
gpu_min_L2CP, = 0.430453
gpu_min_MCP, = 0.00050226
gpu_min_NOCP, = 3.36801
gpu_min_DRAMP, = 0.0042122
gpu_min_PIPEP, = 0.830469
gpu_min_IDLE_COREP, = 0.0121383
gpu_min_CONST_DYNAMICP, = 32.325
gpu_min_BCP, = 0.018707
gpu_min_DPUP, = 0
gpu_min_INT_MUL24P, = 0
gpu_min_INT_MUL32P, = 0.727323
gpu_min_INT_MULP, = 0
gpu_min_INT_DIVP, = 0
gpu_min_FP_MULP, = 0.15965
gpu_min_FP_DIVP, = 10.5959
gpu_min_FP_SQRTP, = 0
gpu_min_FP_LGP, = 0
gpu_min_FP_SINP, = 0
gpu_min_FP_EXP, = 0
gpu_min_DP_MULP, = 0
gpu_min_DP_DIVP, = 0
gpu_min_TENSORP, = 0
gpu_min_TEXP, = 0
gpu_min_STATICP = 37.24
gpu_min_TOT_INST, = 2.15152e+07
gpu_min_FP_INT, = 7.01365e+07
gpu_min_IC_H, = 32132
gpu_min_IC_M, = 0
gpu_min_DC_RH, = 234531
gpu_min_DC_RM, = 0
gpu_min_DC_WH, = 0
gpu_min_DC_WM, = 0
gpu_min_TC_H, = 0
gpu_min_TC_M, = 0
gpu_min_CC_H, = 24037
gpu_min_CC_M, = 0
gpu_min_SHRD_ACC, = 4.98418e+06
gpu_min_REG_RD, = 4.22505e+07
gpu_min_REG_WR, = 3.36219e+07
gpu_min_NON_REG_OPs, = 0
gpu_min_SP_ACC, = 6.81817e+07
gpu_min_SFU_ACC, = 0
gpu_min_FPU_ACC, = 6.83226e+06
gpu_min_MEM_RD, = 68
gpu_min_MEM_WR, = 0
gpu_min_MEM_PRE, = 2
gpu_min_L2_RH, = 171161
gpu_min_L2_RM, = 0
gpu_min_L2_WH, = 65536
gpu_min_L2_WM, = 0
gpu_min_NOC_A, = 479680
gpu_min_PIPE_A, = 0
gpu_min_IDLE_CORE_N, = 0
gpu_min_CONST_DYNAMICN, = 0
gpu_min_DICE_L1B_ACC, = 30283
gpu_min_DICE_SIMT_STACK_RD, = 29584
gpu_min_DICE_SIMT_STACK_WR, = 38829
gpu_min_DICE_DISPATCH_TH, = 2.15152e+07
gpu_min_DICE_SCB_LD_RSV, = 5.96816e+06
gpu_min_DICE_E_BLOCKS, = 32132
gpu_min_DICE_CTA = 1849

Accumulative Power Statistics Over Previous Kernels:
gpu_tot_avg_power = 101.809
gpu_tot_max_power = 101.809
gpu_tot_min_power = 101.809


