# DICEwattch Power Report (XML-driven, GPUWattch-format)
kernel_name = _Z22bpnn_layerforward_CUDAPfS_S_S_ii 
kernel_launch_uid = 1 

Kernel Average Power Data:
kernel_avg_power = 83.1952
gpu_avg_IBP, = 0
gpu_avg_ICP, = 0.209855
gpu_avg_DCP, = 1.99996
gpu_avg_TCP, = 0
gpu_avg_CCP, = 0.00552623
gpu_avg_SHRDP, = 0.126009
gpu_avg_RFP, = 3.82631
gpu_avg_SPP, = 1.13359
gpu_avg_SFUP, = 0
gpu_avg_FPUP, = 0.402164
gpu_avg_SCHEDP, = 9.70994e-05
gpu_avg_L2CP, = 0.547032
gpu_avg_MCP, = 0.00287384
gpu_avg_NOCP, = 3.30998
gpu_avg_DRAMP, = 0.0241015
gpu_avg_PIPEP, = 0.404379
gpu_avg_IDLE_COREP, = 0.0121383
gpu_avg_CONST_DYNAMICP, = 32.325
gpu_avg_BCP, = 0.0184714
gpu_avg_DPUP, = 0
gpu_avg_INT_MUL24P, = 0
gpu_avg_INT_MUL32P, = 1.2299
gpu_avg_INT_MULP, = 0
gpu_avg_INT_DIVP, = 0
gpu_avg_FP_MULP, = 0.377838
gpu_avg_FP_DIVP, = 0
gpu_avg_FP_SQRTP, = 0
gpu_avg_FP_LGP, = 0
gpu_avg_FP_SINP, = 0
gpu_avg_FP_EXP, = 0
gpu_avg_DP_MULP, = 0
gpu_avg_DP_DIVP, = 0
gpu_avg_TENSORP, = 0
gpu_avg_TEXP, = 0
gpu_avg_STATICP = 37.24
gpu_avg_TOT_INST, = 1.02502e+06
gpu_avg_FP_INT, = 3.05562e+06
gpu_avg_IC_H, = 4112
gpu_avg_IC_M, = 0
gpu_avg_DC_RH, = 36128
gpu_avg_DC_RM, = 0
gpu_avg_DC_WH, = 0
gpu_avg_DC_WM, = 0
gpu_avg_TC_H, = 0
gpu_avg_TC_M, = 0
gpu_avg_CC_H, = 1024
gpu_avg_CC_M, = 0
gpu_avg_SHRD_ACC, = 262144
gpu_avg_REG_RD, = 2.63373e+06
gpu_avg_REG_WR, = 1.71635e+06
gpu_avg_NON_REG_OPs, = 0
gpu_avg_SP_ACC, = 3.44883e+06
gpu_avg_SFU_ACC, = 0
gpu_avg_FPU_ACC, = 311296
gpu_avg_MEM_RD, = 50
gpu_avg_MEM_WR, = 0
gpu_avg_MEM_PRE, = 2
gpu_avg_L2_RH, = 11622
gpu_avg_L2_RM, = 0
gpu_avg_L2_WH, = 16000
gpu_avg_L2_WM, = 0
gpu_avg_NOC_A, = 60792
gpu_avg_PIPE_A, = 0
gpu_avg_IDLE_CORE_N, = 0
gpu_avg_CONST_DYNAMICN, = 0
gpu_avg_DICE_L1B_ACC, = 3856
gpu_avg_DICE_SIMT_STACK_RD, = 3840
gpu_avg_DICE_SIMT_STACK_WR, = 5120
gpu_avg_DICE_DISPATCH_TH, = 1.02502e+06
gpu_avg_DICE_SCB_LD_RSV, = 385024
gpu_avg_DICE_E_BLOCKS, = 4112
gpu_avg_DICE_CTA = 256

Kernel Maximum Power Data:
kernel_max_power = 83.1952
gpu_max_IBP, = 0
gpu_max_ICP, = 0.209855
gpu_max_DCP, = 1.99996
gpu_max_TCP, = 0
gpu_max_CCP, = 0.00552623
gpu_max_SHRDP, = 0.126009
gpu_max_RFP, = 3.82631
gpu_max_SPP, = 1.13359
gpu_max_SFUP, = 0
gpu_max_FPUP, = 0.402164
gpu_max_SCHEDP, = 9.70994e-05
gpu_max_L2CP, = 0.547032
gpu_max_MCP, = 0.00287384
gpu_max_NOCP, = 3.30998
gpu_max_DRAMP, = 0.0241015
gpu_max_PIPEP, = 0.404379
gpu_max_IDLE_COREP, = 0.0121383
gpu_max_CONST_DYNAMICP, = 32.325
gpu_max_BCP, = 0.0184714
gpu_max_DPUP, = 0
gpu_max_INT_MUL24P, = 0
gpu_max_INT_MUL32P, = 1.2299
gpu_max_INT_MULP, = 0
gpu_max_INT_DIVP, = 0
gpu_max_FP_MULP, = 0.377838
gpu_max_FP_DIVP, = 0
gpu_max_FP_SQRTP, = 0
gpu_max_FP_LGP, = 0
gpu_max_FP_SINP, = 0
gpu_max_FP_EXP, = 0
gpu_max_DP_MULP, = 0
gpu_max_DP_DIVP, = 0
gpu_max_TENSORP, = 0
gpu_max_TEXP, = 0
gpu_max_STATICP = 37.24
gpu_max_TOT_INST, = 1.02502e+06
gpu_max_FP_INT, = 3.05562e+06
gpu_max_IC_H, = 4112
gpu_max_IC_M, = 0
gpu_max_DC_RH, = 36128
gpu_max_DC_RM, = 0
gpu_max_DC_WH, = 0
gpu_max_DC_WM, = 0
gpu_max_TC_H, = 0
gpu_max_TC_M, = 0
gpu_max_CC_H, = 1024
gpu_max_CC_M, = 0
gpu_max_SHRD_ACC, = 262144
gpu_max_REG_RD, = 2.63373e+06
gpu_max_REG_WR, = 1.71635e+06
gpu_max_NON_REG_OPs, = 0
gpu_max_SP_ACC, = 3.44883e+06
gpu_max_SFU_ACC, = 0
gpu_max_FPU_ACC, = 311296
gpu_max_MEM_RD, = 50
gpu_max_MEM_WR, = 0
gpu_max_MEM_PRE, = 2
gpu_max_L2_RH, = 11622
gpu_max_L2_RM, = 0
gpu_max_L2_WH, = 16000
gpu_max_L2_WM, = 0
gpu_max_NOC_A, = 60792
gpu_max_PIPE_A, = 0
gpu_max_IDLE_CORE_N, = 0
gpu_max_CONST_DYNAMICN, = 0
gpu_max_DICE_L1B_ACC, = 3856
gpu_max_DICE_SIMT_STACK_RD, = 3840
gpu_max_DICE_SIMT_STACK_WR, = 5120
gpu_max_DICE_DISPATCH_TH, = 1.02502e+06
gpu_max_DICE_SCB_LD_RSV, = 385024
gpu_max_DICE_E_BLOCKS, = 4112
gpu_max_DICE_CTA = 256

Kernel Minimum Power Data:
kernel_min_power = 83.1952
gpu_min_IBP, = 0
gpu_min_ICP, = 0.209855
gpu_min_DCP, = 1.99996
gpu_min_TCP, = 0
gpu_min_CCP, = 0.00552623
gpu_min_SHRDP, = 0.126009
gpu_min_RFP, = 3.82631
gpu_min_SPP, = 1.13359
gpu_min_SFUP, = 0
gpu_min_FPUP, = 0.402164
gpu_min_SCHEDP, = 9.70994e-05
gpu_min_L2CP, = 0.547032
gpu_min_MCP, = 0.00287384
gpu_min_NOCP, = 3.30998
gpu_min_DRAMP, = 0.0241015
gpu_min_PIPEP, = 0.404379
gpu_min_IDLE_COREP, = 0.0121383
gpu_min_CONST_DYNAMICP, = 32.325
gpu_min_BCP, = 0.0184714
gpu_min_DPUP, = 0
gpu_min_INT_MUL24P, = 0
gpu_min_INT_MUL32P, = 1.2299
gpu_min_INT_MULP, = 0
gpu_min_INT_DIVP, = 0
gpu_min_FP_MULP, = 0.377838
gpu_min_FP_DIVP, = 0
gpu_min_FP_SQRTP, = 0
gpu_min_FP_LGP, = 0
gpu_min_FP_SINP, = 0
gpu_min_FP_EXP, = 0
gpu_min_DP_MULP, = 0
gpu_min_DP_DIVP, = 0
gpu_min_TENSORP, = 0
gpu_min_TEXP, = 0
gpu_min_STATICP = 37.24
gpu_min_TOT_INST, = 1.02502e+06
gpu_min_FP_INT, = 3.05562e+06
gpu_min_IC_H, = 4112
gpu_min_IC_M, = 0
gpu_min_DC_RH, = 36128
gpu_min_DC_RM, = 0
gpu_min_DC_WH, = 0
gpu_min_DC_WM, = 0
gpu_min_TC_H, = 0
gpu_min_TC_M, = 0
gpu_min_CC_H, = 1024
gpu_min_CC_M, = 0
gpu_min_SHRD_ACC, = 262144
gpu_min_REG_RD, = 2.63373e+06
gpu_min_REG_WR, = 1.71635e+06
gpu_min_NON_REG_OPs, = 0
gpu_min_SP_ACC, = 3.44883e+06
gpu_min_SFU_ACC, = 0
gpu_min_FPU_ACC, = 311296
gpu_min_MEM_RD, = 50
gpu_min_MEM_WR, = 0
gpu_min_MEM_PRE, = 2
gpu_min_L2_RH, = 11622
gpu_min_L2_RM, = 0
gpu_min_L2_WH, = 16000
gpu_min_L2_WM, = 0
gpu_min_NOC_A, = 60792
gpu_min_PIPE_A, = 0
gpu_min_IDLE_CORE_N, = 0
gpu_min_CONST_DYNAMICN, = 0
gpu_min_DICE_L1B_ACC, = 3856
gpu_min_DICE_SIMT_STACK_RD, = 3840
gpu_min_DICE_SIMT_STACK_WR, = 5120
gpu_min_DICE_DISPATCH_TH, = 1.02502e+06
gpu_min_DICE_SCB_LD_RSV, = 385024
gpu_min_DICE_E_BLOCKS, = 4112
gpu_min_DICE_CTA = 256

Accumulative Power Statistics Over Previous Kernels:
gpu_tot_avg_power = 83.1952
gpu_tot_max_power = 83.1952
gpu_tot_min_power = 83.1952


kernel_name = _Z24bpnn_adjust_weights_cudaPfiS_iS_S_ 
kernel_launch_uid = 2 

Kernel Average Power Data:
kernel_avg_power = 88.8543
gpu_avg_IBP, = 0
gpu_avg_ICP, = 0.103653
gpu_avg_DCP, = 5.28183
gpu_avg_TCP, = 0
gpu_avg_CCP, = 0.010533
gpu_avg_SHRDP, = 0
gpu_avg_RFP, = 3.08367
gpu_avg_SPP, = 1.00435
gpu_avg_SFUP, = 0
gpu_avg_FPUP, = 0.32713
gpu_avg_SCHEDP, = 4.79601e-05
gpu_avg_L2CP, = 1.03152
gpu_avg_MCP, = 0.00276759
gpu_avg_NOCP, = 6.50856
gpu_avg_DRAMP, = 0.0232104
gpu_avg_PIPEP, = 0.300473
gpu_avg_IDLE_COREP, = 0.0121383
gpu_avg_CONST_DYNAMICP, = 32.325
gpu_avg_BCP, = 0.00785937
gpu_avg_DPUP, = 0
gpu_avg_INT_MUL24P, = 0
gpu_avg_INT_MUL32P, = 1.19075
gpu_avg_INT_MULP, = 0
gpu_avg_INT_DIVP, = 0
gpu_avg_FP_MULP, = 0.400833
gpu_avg_FP_DIVP, = 0
gpu_avg_FP_SQRTP, = 0
gpu_avg_FP_LGP, = 0
gpu_avg_FP_SINP, = 0
gpu_avg_FP_EXP, = 0
gpu_avg_DP_MULP, = 0
gpu_avg_DP_DIVP, = 0
gpu_avg_TENSORP, = 0
gpu_avg_TEXP, = 0
gpu_avg_STATICP = 37.24
gpu_avg_TOT_INST, = 656480
gpu_avg_FP_INT, = 1.76963e+06
gpu_avg_IC_H, = 1332
gpu_avg_IC_M, = 0
gpu_avg_DC_RH, = 62574
gpu_avg_DC_RM, = 0
gpu_avg_DC_WH, = 0
gpu_avg_DC_WM, = 0
gpu_avg_TC_H, = 0
gpu_avg_TC_M, = 0
gpu_avg_CC_H, = 1280
gpu_avg_CC_M, = 0
gpu_avg_SHRD_ACC, = 0
gpu_avg_REG_RD, = 983168
gpu_avg_REG_WR, = 1.17973e+06
gpu_avg_NON_REG_OPs, = 0
gpu_avg_SP_ACC, = 2.03178e+06
gpu_avg_SFU_ACC, = 0
gpu_avg_FPU_ACC, = 196640
gpu_avg_MEM_RD, = 32
gpu_avg_MEM_WR, = 0
gpu_avg_MEM_PRE, = 0
gpu_avg_L2_RH, = 20184
gpu_avg_L2_RM, = 0
gpu_avg_L2_WH, = 17926
gpu_avg_L2_WM, = 0
gpu_avg_NOC_A, = 78396
gpu_avg_PIPE_A, = 0
gpu_avg_IDLE_CORE_N, = 0
gpu_avg_CONST_DYNAMICN, = 0
gpu_avg_DICE_L1B_ACC, = 1076
gpu_avg_DICE_SIMT_STACK_RD, = 1026
gpu_avg_DICE_SIMT_STACK_WR, = 1282
gpu_avg_DICE_DISPATCH_TH, = 656480
gpu_avg_DICE_SCB_LD_RSV, = 327712
gpu_avg_DICE_E_BLOCKS, = 1332
gpu_avg_DICE_CTA = 256

Kernel Maximum Power Data:
kernel_max_power = 88.8543
gpu_max_IBP, = 0
gpu_max_ICP, = 0.103653
gpu_max_DCP, = 5.28183
gpu_max_TCP, = 0
gpu_max_CCP, = 0.010533
gpu_max_SHRDP, = 0
gpu_max_RFP, = 3.08367
gpu_max_SPP, = 1.00435
gpu_max_SFUP, = 0
gpu_max_FPUP, = 0.32713
gpu_max_SCHEDP, = 4.79601e-05
gpu_max_L2CP, = 1.03152
gpu_max_MCP, = 0.00276759
gpu_max_NOCP, = 6.50856
gpu_max_DRAMP, = 0.0232104
gpu_max_PIPEP, = 0.300473
gpu_max_IDLE_COREP, = 0.0121383
gpu_max_CONST_DYNAMICP, = 32.325
gpu_max_BCP, = 0.00785937
gpu_max_DPUP, = 0
gpu_max_INT_MUL24P, = 0
gpu_max_INT_MUL32P, = 1.19075
gpu_max_INT_MULP, = 0
gpu_max_INT_DIVP, = 0
gpu_max_FP_MULP, = 0.400833
gpu_max_FP_DIVP, = 0
gpu_max_FP_SQRTP, = 0
gpu_max_FP_LGP, = 0
gpu_max_FP_SINP, = 0
gpu_max_FP_EXP, = 0
gpu_max_DP_MULP, = 0
gpu_max_DP_DIVP, = 0
gpu_max_TENSORP, = 0
gpu_max_TEXP, = 0
gpu_max_STATICP = 37.24
gpu_max_TOT_INST, = 656480
gpu_max_FP_INT, = 1.76963e+06
gpu_max_IC_H, = 1332
gpu_max_IC_M, = 0
gpu_max_DC_RH, = 62574
gpu_max_DC_RM, = 0
gpu_max_DC_WH, = 0
gpu_max_DC_WM, = 0
gpu_max_TC_H, = 0
gpu_max_TC_M, = 0
gpu_max_CC_H, = 1280
gpu_max_CC_M, = 0
gpu_max_SHRD_ACC, = 0
gpu_max_REG_RD, = 983168
gpu_max_REG_WR, = 1.17973e+06
gpu_max_NON_REG_OPs, = 0
gpu_max_SP_ACC, = 2.03178e+06
gpu_max_SFU_ACC, = 0
gpu_max_FPU_ACC, = 196640
gpu_max_MEM_RD, = 32
gpu_max_MEM_WR, = 0
gpu_max_MEM_PRE, = 0
gpu_max_L2_RH, = 20184
gpu_max_L2_RM, = 0
gpu_max_L2_WH, = 17926
gpu_max_L2_WM, = 0
gpu_max_NOC_A, = 78396
gpu_max_PIPE_A, = 0
gpu_max_IDLE_CORE_N, = 0
gpu_max_CONST_DYNAMICN, = 0
gpu_max_DICE_L1B_ACC, = 1076
gpu_max_DICE_SIMT_STACK_RD, = 1026
gpu_max_DICE_SIMT_STACK_WR, = 1282
gpu_max_DICE_DISPATCH_TH, = 656480
gpu_max_DICE_SCB_LD_RSV, = 327712
gpu_max_DICE_E_BLOCKS, = 1332
gpu_max_DICE_CTA = 256

Kernel Minimum Power Data:
kernel_min_power = 88.8543
gpu_min_IBP, = 0
gpu_min_ICP, = 0.103653
gpu_min_DCP, = 5.28183
gpu_min_TCP, = 0
gpu_min_CCP, = 0.010533
gpu_min_SHRDP, = 0
gpu_min_RFP, = 3.08367
gpu_min_SPP, = 1.00435
gpu_min_SFUP, = 0
gpu_min_FPUP, = 0.32713
gpu_min_SCHEDP, = 4.79601e-05
gpu_min_L2CP, = 1.03152
gpu_min_MCP, = 0.00276759
gpu_min_NOCP, = 6.50856
gpu_min_DRAMP, = 0.0232104
gpu_min_PIPEP, = 0.300473
gpu_min_IDLE_COREP, = 0.0121383
gpu_min_CONST_DYNAMICP, = 32.325
gpu_min_BCP, = 0.00785937
gpu_min_DPUP, = 0
gpu_min_INT_MUL24P, = 0
gpu_min_INT_MUL32P, = 1.19075
gpu_min_INT_MULP, = 0
gpu_min_INT_DIVP, = 0
gpu_min_FP_MULP, = 0.400833
gpu_min_FP_DIVP, = 0
gpu_min_FP_SQRTP, = 0
gpu_min_FP_LGP, = 0
gpu_min_FP_SINP, = 0
gpu_min_FP_EXP, = 0
gpu_min_DP_MULP, = 0
gpu_min_DP_DIVP, = 0
gpu_min_TENSORP, = 0
gpu_min_TEXP, = 0
gpu_min_STATICP = 37.24
gpu_min_TOT_INST, = 656480
gpu_min_FP_INT, = 1.76963e+06
gpu_min_IC_H, = 1332
gpu_min_IC_M, = 0
gpu_min_DC_RH, = 62574
gpu_min_DC_RM, = 0
gpu_min_DC_WH, = 0
gpu_min_DC_WM, = 0
gpu_min_TC_H, = 0
gpu_min_TC_M, = 0
gpu_min_CC_H, = 1280
gpu_min_CC_M, = 0
gpu_min_SHRD_ACC, = 0
gpu_min_REG_RD, = 983168
gpu_min_REG_WR, = 1.17973e+06
gpu_min_NON_REG_OPs, = 0
gpu_min_SP_ACC, = 2.03178e+06
gpu_min_SFU_ACC, = 0
gpu_min_FPU_ACC, = 196640
gpu_min_MEM_RD, = 32
gpu_min_MEM_WR, = 0
gpu_min_MEM_PRE, = 0
gpu_min_L2_RH, = 20184
gpu_min_L2_RM, = 0
gpu_min_L2_WH, = 17926
gpu_min_L2_WM, = 0
gpu_min_NOC_A, = 78396
gpu_min_PIPE_A, = 0
gpu_min_IDLE_CORE_N, = 0
gpu_min_CONST_DYNAMICN, = 0
gpu_min_DICE_L1B_ACC, = 1076
gpu_min_DICE_SIMT_STACK_RD, = 1026
gpu_min_DICE_SIMT_STACK_WR, = 1282
gpu_min_DICE_DISPATCH_TH, = 656480
gpu_min_DICE_SCB_LD_RSV, = 327712
gpu_min_DICE_E_BLOCKS, = 1332
gpu_min_DICE_CTA = 256

Accumulative Power Statistics Over Previous Kernels:
gpu_tot_avg_power = 86.0248
gpu_tot_max_power = 88.8543
gpu_tot_min_power = 83.1952


