# DICEwattch Power Report (XML-driven, GPUWattch-format)
kernel_name = _Z22bpnn_layerforward_CUDAPfS_S_S_ii 
kernel_launch_uid = 1 

Kernel Average Power Data:
kernel_avg_power = 79.514
gpu_avg_IBP, = 0
gpu_avg_ICP, = 0.137725
gpu_avg_DCP, = 1.31012
gpu_avg_TCP, = 0
gpu_avg_CCP, = 0.00416107
gpu_avg_SHRDP, = 0
gpu_avg_RFP, = 2.56016
gpu_avg_SPP, = 0.839249
gpu_avg_SFUP, = 0
gpu_avg_FPUP, = 0.646009
gpu_avg_SCHEDP, = 6.37247e-05
gpu_avg_L2CP, = 0.479677
gpu_avg_MCP, = 0.00301808
gpu_avg_NOCP, = 2.88359
gpu_avg_DRAMP, = 0.0253111
gpu_avg_PIPEP, = 0.231252
gpu_avg_IDLE_COREP, = 0.0121383
gpu_avg_CONST_DYNAMICP, = 32.325
gpu_avg_BCP, = 0.0120039
gpu_avg_DPUP, = 0
gpu_avg_INT_MUL24P, = 0
gpu_avg_INT_MUL32P, = 0.705579
gpu_avg_INT_MULP, = 0
gpu_avg_INT_DIVP, = 0
gpu_avg_FP_MULP, = 0.0989565
gpu_avg_FP_DIVP, = 0
gpu_avg_FP_SQRTP, = 0
gpu_avg_FP_LGP, = 0
gpu_avg_FP_SINP, = 0
gpu_avg_FP_EXP, = 0
gpu_avg_DP_MULP, = 0
gpu_avg_DP_DIVP, = 0
gpu_avg_TENSORP, = 0
gpu_avg_TEXP, = 0
gpu_avg_STATICP = 37.24
gpu_avg_TOT_INST, = 1.83603e+06
gpu_avg_FP_INT, = 3.14573e+06
gpu_avg_IC_H, = 3584
gpu_avg_IC_M, = 0
gpu_avg_DC_RH, = 31431
gpu_avg_DC_RM, = 0
gpu_avg_DC_WH, = 0
gpu_avg_DC_WM, = 0
gpu_avg_TC_H, = 0
gpu_avg_TC_M, = 0
gpu_avg_CC_H, = 1024
gpu_avg_CC_M, = 0
gpu_avg_SHRD_ACC, = 0
gpu_avg_REG_RD, = 2.09715e+06
gpu_avg_REG_WR, = 1.6873e+06
gpu_avg_NON_REG_OPs, = 0
gpu_avg_SP_ACC, = 3.2768e+06
gpu_avg_SFU_ACC, = 0
gpu_avg_FPU_ACC, = 327680
gpu_avg_MEM_RD, = 70
gpu_avg_MEM_WR, = 0
gpu_avg_MEM_PRE, = 2
gpu_avg_L2_RH, = 12163
gpu_avg_L2_RM, = 0
gpu_avg_L2_WH, = 19072
gpu_avg_L2_WM, = 0
gpu_avg_NOC_A, = 70336
gpu_avg_PIPE_A, = 0
gpu_avg_IDLE_CORE_N, = 0
gpu_avg_CONST_DYNAMICN, = 0
gpu_avg_DICE_L1B_ACC, = 3328
gpu_avg_DICE_SIMT_STACK_RD, = 3328
gpu_avg_DICE_SIMT_STACK_WR, = 3328
gpu_avg_DICE_DISPATCH_TH, = 1.83603e+06
gpu_avg_DICE_SCB_LD_RSV, = 131072
gpu_avg_DICE_E_BLOCKS, = 3584
gpu_avg_DICE_CTA = 256

Kernel Maximum Power Data:
kernel_max_power = 79.514
gpu_max_IBP, = 0
gpu_max_ICP, = 0.137725
gpu_max_DCP, = 1.31012
gpu_max_TCP, = 0
gpu_max_CCP, = 0.00416107
gpu_max_SHRDP, = 0
gpu_max_RFP, = 2.56016
gpu_max_SPP, = 0.839249
gpu_max_SFUP, = 0
gpu_max_FPUP, = 0.646009
gpu_max_SCHEDP, = 6.37247e-05
gpu_max_L2CP, = 0.479677
gpu_max_MCP, = 0.00301808
gpu_max_NOCP, = 2.88359
gpu_max_DRAMP, = 0.0253111
gpu_max_PIPEP, = 0.231252
gpu_max_IDLE_COREP, = 0.0121383
gpu_max_CONST_DYNAMICP, = 32.325
gpu_max_BCP, = 0.0120039
gpu_max_DPUP, = 0
gpu_max_INT_MUL24P, = 0
gpu_max_INT_MUL32P, = 0.705579
gpu_max_INT_MULP, = 0
gpu_max_INT_DIVP, = 0
gpu_max_FP_MULP, = 0.0989565
gpu_max_FP_DIVP, = 0
gpu_max_FP_SQRTP, = 0
gpu_max_FP_LGP, = 0
gpu_max_FP_SINP, = 0
gpu_max_FP_EXP, = 0
gpu_max_DP_MULP, = 0
gpu_max_DP_DIVP, = 0
gpu_max_TENSORP, = 0
gpu_max_TEXP, = 0
gpu_max_STATICP = 37.24
gpu_max_TOT_INST, = 1.83603e+06
gpu_max_FP_INT, = 3.14573e+06
gpu_max_IC_H, = 3584
gpu_max_IC_M, = 0
gpu_max_DC_RH, = 31431
gpu_max_DC_RM, = 0
gpu_max_DC_WH, = 0
gpu_max_DC_WM, = 0
gpu_max_TC_H, = 0
gpu_max_TC_M, = 0
gpu_max_CC_H, = 1024
gpu_max_CC_M, = 0
gpu_max_SHRD_ACC, = 0
gpu_max_REG_RD, = 2.09715e+06
gpu_max_REG_WR, = 1.6873e+06
gpu_max_NON_REG_OPs, = 0
gpu_max_SP_ACC, = 3.2768e+06
gpu_max_SFU_ACC, = 0
gpu_max_FPU_ACC, = 327680
gpu_max_MEM_RD, = 70
gpu_max_MEM_WR, = 0
gpu_max_MEM_PRE, = 2
gpu_max_L2_RH, = 12163
gpu_max_L2_RM, = 0
gpu_max_L2_WH, = 19072
gpu_max_L2_WM, = 0
gpu_max_NOC_A, = 70336
gpu_max_PIPE_A, = 0
gpu_max_IDLE_CORE_N, = 0
gpu_max_CONST_DYNAMICN, = 0
gpu_max_DICE_L1B_ACC, = 3328
gpu_max_DICE_SIMT_STACK_RD, = 3328
gpu_max_DICE_SIMT_STACK_WR, = 3328
gpu_max_DICE_DISPATCH_TH, = 1.83603e+06
gpu_max_DICE_SCB_LD_RSV, = 131072
gpu_max_DICE_E_BLOCKS, = 3584
gpu_max_DICE_CTA = 256

Kernel Minimum Power Data:
kernel_min_power = 79.514
gpu_min_IBP, = 0
gpu_min_ICP, = 0.137725
gpu_min_DCP, = 1.31012
gpu_min_TCP, = 0
gpu_min_CCP, = 0.00416107
gpu_min_SHRDP, = 0
gpu_min_RFP, = 2.56016
gpu_min_SPP, = 0.839249
gpu_min_SFUP, = 0
gpu_min_FPUP, = 0.646009
gpu_min_SCHEDP, = 6.37247e-05
gpu_min_L2CP, = 0.479677
gpu_min_MCP, = 0.00301808
gpu_min_NOCP, = 2.88359
gpu_min_DRAMP, = 0.0253111
gpu_min_PIPEP, = 0.231252
gpu_min_IDLE_COREP, = 0.0121383
gpu_min_CONST_DYNAMICP, = 32.325
gpu_min_BCP, = 0.0120039
gpu_min_DPUP, = 0
gpu_min_INT_MUL24P, = 0
gpu_min_INT_MUL32P, = 0.705579
gpu_min_INT_MULP, = 0
gpu_min_INT_DIVP, = 0
gpu_min_FP_MULP, = 0.0989565
gpu_min_FP_DIVP, = 0
gpu_min_FP_SQRTP, = 0
gpu_min_FP_LGP, = 0
gpu_min_FP_SINP, = 0
gpu_min_FP_EXP, = 0
gpu_min_DP_MULP, = 0
gpu_min_DP_DIVP, = 0
gpu_min_TENSORP, = 0
gpu_min_TEXP, = 0
gpu_min_STATICP = 37.24
gpu_min_TOT_INST, = 1.83603e+06
gpu_min_FP_INT, = 3.14573e+06
gpu_min_IC_H, = 3584
gpu_min_IC_M, = 0
gpu_min_DC_RH, = 31431
gpu_min_DC_RM, = 0
gpu_min_DC_WH, = 0
gpu_min_DC_WM, = 0
gpu_min_TC_H, = 0
gpu_min_TC_M, = 0
gpu_min_CC_H, = 1024
gpu_min_CC_M, = 0
gpu_min_SHRD_ACC, = 0
gpu_min_REG_RD, = 2.09715e+06
gpu_min_REG_WR, = 1.6873e+06
gpu_min_NON_REG_OPs, = 0
gpu_min_SP_ACC, = 3.2768e+06
gpu_min_SFU_ACC, = 0
gpu_min_FPU_ACC, = 327680
gpu_min_MEM_RD, = 70
gpu_min_MEM_WR, = 0
gpu_min_MEM_PRE, = 2
gpu_min_L2_RH, = 12163
gpu_min_L2_RM, = 0
gpu_min_L2_WH, = 19072
gpu_min_L2_WM, = 0
gpu_min_NOC_A, = 70336
gpu_min_PIPE_A, = 0
gpu_min_IDLE_CORE_N, = 0
gpu_min_CONST_DYNAMICN, = 0
gpu_min_DICE_L1B_ACC, = 3328
gpu_min_DICE_SIMT_STACK_RD, = 3328
gpu_min_DICE_SIMT_STACK_WR, = 3328
gpu_min_DICE_DISPATCH_TH, = 1.83603e+06
gpu_min_DICE_SCB_LD_RSV, = 131072
gpu_min_DICE_E_BLOCKS, = 3584
gpu_min_DICE_CTA = 256

Accumulative Power Statistics Over Previous Kernels:
gpu_tot_avg_power = 79.514
gpu_tot_max_power = 79.514
gpu_tot_min_power = 79.514


kernel_name = _Z24bpnn_adjust_weights_cudaPfiS_iS_S_ 
kernel_launch_uid = 2 

Kernel Average Power Data:
kernel_avg_power = 89.1533
gpu_avg_IBP, = 0
gpu_avg_ICP, = 0.110863
gpu_avg_DCP, = 4.61219
gpu_avg_TCP, = 0
gpu_avg_CCP, = 0.0105973
gpu_avg_SHRDP, = 0
gpu_avg_RFP, = 3.59764
gpu_avg_SPP, = 1.20478
gpu_avg_SFUP, = 0
gpu_avg_FPUP, = 0.329129
gpu_avg_SCHEDP, = 5.12961e-05
gpu_avg_L2CP, = 1.03045
gpu_avg_MCP, = 0.00208838
gpu_avg_NOCP, = 6.52661
gpu_avg_DRAMP, = 0.0175142
gpu_avg_PIPEP, = 0.284806
gpu_avg_IDLE_COREP, = 0.0121383
gpu_avg_CONST_DYNAMICP, = 32.325
gpu_avg_BCP, = 0.0085247
gpu_avg_DPUP, = 0
gpu_avg_INT_MUL24P, = 0
gpu_avg_INT_MUL32P, = 1.43762
gpu_avg_INT_MULP, = 0
gpu_avg_INT_DIVP, = 0
gpu_avg_FP_MULP, = 0.403282
gpu_avg_FP_DIVP, = 0
gpu_avg_FP_SQRTP, = 0
gpu_avg_FP_LGP, = 0
gpu_avg_FP_SINP, = 0
gpu_avg_FP_EXP, = 0
gpu_avg_DP_MULP, = 0
gpu_avg_DP_DIVP, = 0
gpu_avg_TENSORP, = 0
gpu_avg_TEXP, = 0
gpu_avg_STATICP = 37.24
gpu_avg_TOT_INST, = 787520
gpu_avg_FP_INT, = 2.0973e+06
gpu_avg_IC_H, = 1416
gpu_avg_IC_M, = 0
gpu_avg_DC_RH, = 54309
gpu_avg_DC_RM, = 0
gpu_avg_DC_WH, = 0
gpu_avg_DC_WM, = 0
gpu_avg_TC_H, = 0
gpu_avg_TC_M, = 0
gpu_avg_CC_H, = 1280
gpu_avg_CC_M, = 0
gpu_avg_SHRD_ACC, = 0
gpu_avg_REG_RD, = 983104
gpu_avg_REG_WR, = 1.47264e+06
gpu_avg_NON_REG_OPs, = 0
gpu_avg_SP_ACC, = 2.42498e+06
gpu_avg_SFU_ACC, = 0
gpu_avg_FPU_ACC, = 196640
gpu_avg_MEM_RD, = 24
gpu_avg_MEM_WR, = 0
gpu_avg_MEM_PRE, = 0
gpu_avg_L2_RH, = 19643
gpu_avg_L2_RM, = 0
gpu_avg_L2_WH, = 17926
gpu_avg_L2_WM, = 0
gpu_avg_NOC_A, = 78136
gpu_avg_PIPE_A, = 0
gpu_avg_IDLE_CORE_N, = 0
gpu_avg_CONST_DYNAMICN, = 0
gpu_avg_DICE_L1B_ACC, = 1160
gpu_avg_DICE_SIMT_STACK_RD, = 1025
gpu_avg_DICE_SIMT_STACK_WR, = 1281
gpu_avg_DICE_DISPATCH_TH, = 787520
gpu_avg_DICE_SCB_LD_RSV, = 262176
gpu_avg_DICE_E_BLOCKS, = 1416
gpu_avg_DICE_CTA = 256

Kernel Maximum Power Data:
kernel_max_power = 89.1533
gpu_max_IBP, = 0
gpu_max_ICP, = 0.110863
gpu_max_DCP, = 4.61219
gpu_max_TCP, = 0
gpu_max_CCP, = 0.0105973
gpu_max_SHRDP, = 0
gpu_max_RFP, = 3.59764
gpu_max_SPP, = 1.20478
gpu_max_SFUP, = 0
gpu_max_FPUP, = 0.329129
gpu_max_SCHEDP, = 5.12961e-05
gpu_max_L2CP, = 1.03045
gpu_max_MCP, = 0.00208838
gpu_max_NOCP, = 6.52661
gpu_max_DRAMP, = 0.0175142
gpu_max_PIPEP, = 0.284806
gpu_max_IDLE_COREP, = 0.0121383
gpu_max_CONST_DYNAMICP, = 32.325
gpu_max_BCP, = 0.0085247
gpu_max_DPUP, = 0
gpu_max_INT_MUL24P, = 0
gpu_max_INT_MUL32P, = 1.43762
gpu_max_INT_MULP, = 0
gpu_max_INT_DIVP, = 0
gpu_max_FP_MULP, = 0.403282
gpu_max_FP_DIVP, = 0
gpu_max_FP_SQRTP, = 0
gpu_max_FP_LGP, = 0
gpu_max_FP_SINP, = 0
gpu_max_FP_EXP, = 0
gpu_max_DP_MULP, = 0
gpu_max_DP_DIVP, = 0
gpu_max_TENSORP, = 0
gpu_max_TEXP, = 0
gpu_max_STATICP = 37.24
gpu_max_TOT_INST, = 787520
gpu_max_FP_INT, = 2.0973e+06
gpu_max_IC_H, = 1416
gpu_max_IC_M, = 0
gpu_max_DC_RH, = 54309
gpu_max_DC_RM, = 0
gpu_max_DC_WH, = 0
gpu_max_DC_WM, = 0
gpu_max_TC_H, = 0
gpu_max_TC_M, = 0
gpu_max_CC_H, = 1280
gpu_max_CC_M, = 0
gpu_max_SHRD_ACC, = 0
gpu_max_REG_RD, = 983104
gpu_max_REG_WR, = 1.47264e+06
gpu_max_NON_REG_OPs, = 0
gpu_max_SP_ACC, = 2.42498e+06
gpu_max_SFU_ACC, = 0
gpu_max_FPU_ACC, = 196640
gpu_max_MEM_RD, = 24
gpu_max_MEM_WR, = 0
gpu_max_MEM_PRE, = 0
gpu_max_L2_RH, = 19643
gpu_max_L2_RM, = 0
gpu_max_L2_WH, = 17926
gpu_max_L2_WM, = 0
gpu_max_NOC_A, = 78136
gpu_max_PIPE_A, = 0
gpu_max_IDLE_CORE_N, = 0
gpu_max_CONST_DYNAMICN, = 0
gpu_max_DICE_L1B_ACC, = 1160
gpu_max_DICE_SIMT_STACK_RD, = 1025
gpu_max_DICE_SIMT_STACK_WR, = 1281
gpu_max_DICE_DISPATCH_TH, = 787520
gpu_max_DICE_SCB_LD_RSV, = 262176
gpu_max_DICE_E_BLOCKS, = 1416
gpu_max_DICE_CTA = 256

Kernel Minimum Power Data:
kernel_min_power = 89.1533
gpu_min_IBP, = 0
gpu_min_ICP, = 0.110863
gpu_min_DCP, = 4.61219
gpu_min_TCP, = 0
gpu_min_CCP, = 0.0105973
gpu_min_SHRDP, = 0
gpu_min_RFP, = 3.59764
gpu_min_SPP, = 1.20478
gpu_min_SFUP, = 0
gpu_min_FPUP, = 0.329129
gpu_min_SCHEDP, = 5.12961e-05
gpu_min_L2CP, = 1.03045
gpu_min_MCP, = 0.00208838
gpu_min_NOCP, = 6.52661
gpu_min_DRAMP, = 0.0175142
gpu_min_PIPEP, = 0.284806
gpu_min_IDLE_COREP, = 0.0121383
gpu_min_CONST_DYNAMICP, = 32.325
gpu_min_BCP, = 0.0085247
gpu_min_DPUP, = 0
gpu_min_INT_MUL24P, = 0
gpu_min_INT_MUL32P, = 1.43762
gpu_min_INT_MULP, = 0
gpu_min_INT_DIVP, = 0
gpu_min_FP_MULP, = 0.403282
gpu_min_FP_DIVP, = 0
gpu_min_FP_SQRTP, = 0
gpu_min_FP_LGP, = 0
gpu_min_FP_SINP, = 0
gpu_min_FP_EXP, = 0
gpu_min_DP_MULP, = 0
gpu_min_DP_DIVP, = 0
gpu_min_TENSORP, = 0
gpu_min_TEXP, = 0
gpu_min_STATICP = 37.24
gpu_min_TOT_INST, = 787520
gpu_min_FP_INT, = 2.0973e+06
gpu_min_IC_H, = 1416
gpu_min_IC_M, = 0
gpu_min_DC_RH, = 54309
gpu_min_DC_RM, = 0
gpu_min_DC_WH, = 0
gpu_min_DC_WM, = 0
gpu_min_TC_H, = 0
gpu_min_TC_M, = 0
gpu_min_CC_H, = 1280
gpu_min_CC_M, = 0
gpu_min_SHRD_ACC, = 0
gpu_min_REG_RD, = 983104
gpu_min_REG_WR, = 1.47264e+06
gpu_min_NON_REG_OPs, = 0
gpu_min_SP_ACC, = 2.42498e+06
gpu_min_SFU_ACC, = 0
gpu_min_FPU_ACC, = 196640
gpu_min_MEM_RD, = 24
gpu_min_MEM_WR, = 0
gpu_min_MEM_PRE, = 0
gpu_min_L2_RH, = 19643
gpu_min_L2_RM, = 0
gpu_min_L2_WH, = 17926
gpu_min_L2_WM, = 0
gpu_min_NOC_A, = 78136
gpu_min_PIPE_A, = 0
gpu_min_IDLE_CORE_N, = 0
gpu_min_CONST_DYNAMICN, = 0
gpu_min_DICE_L1B_ACC, = 1160
gpu_min_DICE_SIMT_STACK_RD, = 1025
gpu_min_DICE_SIMT_STACK_WR, = 1281
gpu_min_DICE_DISPATCH_TH, = 787520
gpu_min_DICE_SCB_LD_RSV, = 262176
gpu_min_DICE_E_BLOCKS, = 1416
gpu_min_DICE_CTA = 256

Accumulative Power Statistics Over Previous Kernels:
gpu_tot_avg_power = 84.3336
gpu_tot_max_power = 89.1533
gpu_tot_min_power = 79.514


