# DICEwattch Power Report (XML-driven, GPUWattch-format)
kernel_name = _Z16stencil2d_kernelPKiPiii 
kernel_launch_uid = 1 

Kernel Average Power Data:
kernel_avg_power = 82.9134
gpu_avg_IBP, = 0
gpu_avg_ICP, = 0.129756
gpu_avg_DCP, = 1.43825
gpu_avg_TCP, = 0
gpu_avg_CCP, = 0.00686054
gpu_avg_SHRDP, = 0
gpu_avg_RFP, = 4.62345
gpu_avg_SPP, = 1.41515
gpu_avg_SFUP, = 0
gpu_avg_FPUP, = 0
gpu_avg_SCHEDP, = 6.00375e-05
gpu_avg_L2CP, = 0.271024
gpu_avg_MCP, = 0.00269927
gpu_avg_NOCP, = 3.8242
gpu_avg_DRAMP, = 0.0226374
gpu_avg_PIPEP, = 0.428193
gpu_avg_IDLE_COREP, = 0.0121383
gpu_avg_CONST_DYNAMICP, = 32.325
gpu_avg_BCP, = 0.0106569
gpu_avg_DPUP, = 0
gpu_avg_INT_MUL24P, = 0
gpu_avg_INT_MUL32P, = 1.16332
gpu_avg_INT_MULP, = 0
gpu_avg_INT_DIVP, = 0
gpu_avg_FP_MULP, = 0
gpu_avg_FP_DIVP, = 0
gpu_avg_FP_SQRTP, = 0
gpu_avg_FP_LGP, = 0
gpu_avg_FP_SINP, = 0
gpu_avg_FP_EXP, = 0
gpu_avg_DP_MULP, = 0
gpu_avg_DP_DIVP, = 0
gpu_avg_TENSORP, = 0
gpu_avg_TEXP, = 0
gpu_avg_STATICP = 37.24
gpu_avg_TOT_INST, = 918528
gpu_avg_FP_INT, = 2.94912e+06
gpu_avg_IC_H, = 2048
gpu_avg_IC_M, = 0
gpu_avg_DC_RH, = 20928
gpu_avg_DC_RM, = 0
gpu_avg_DC_WH, = 0
gpu_avg_DC_WM, = 0
gpu_avg_TC_H, = 0
gpu_avg_TC_M, = 0
gpu_avg_CC_H, = 1024
gpu_avg_CC_M, = 0
gpu_avg_SHRD_ACC, = 0
gpu_avg_REG_RD, = 2.29376e+06
gpu_avg_REG_WR, = 1.85037e+06
gpu_avg_NON_REG_OPs, = 0
gpu_avg_SP_ACC, = 3.34234e+06
gpu_avg_SFU_ACC, = 0
gpu_avg_FPU_ACC, = 0
gpu_avg_MEM_RD, = 38
gpu_avg_MEM_WR, = 0
gpu_avg_MEM_PRE, = 1
gpu_avg_L2_RH, = 18185
gpu_avg_L2_RM, = 0
gpu_avg_L2_WH, = 2048
gpu_avg_L2_WM, = 0
gpu_avg_NOC_A, = 56576
gpu_avg_PIPE_A, = 0
gpu_avg_IDLE_CORE_N, = 0
gpu_avg_CONST_DYNAMICN, = 0
gpu_avg_DICE_L1B_ACC, = 1792
gpu_avg_DICE_SIMT_STACK_RD, = 1792
gpu_avg_DICE_SIMT_STACK_WR, = 2048
gpu_avg_DICE_DISPATCH_TH, = 918528
gpu_avg_DICE_SCB_LD_RSV, = 327680
gpu_avg_DICE_E_BLOCKS, = 2048
gpu_avg_DICE_CTA = 256

Kernel Maximum Power Data:
kernel_max_power = 82.9134
gpu_max_IBP, = 0
gpu_max_ICP, = 0.129756
gpu_max_DCP, = 1.43825
gpu_max_TCP, = 0
gpu_max_CCP, = 0.00686054
gpu_max_SHRDP, = 0
gpu_max_RFP, = 4.62345
gpu_max_SPP, = 1.41515
gpu_max_SFUP, = 0
gpu_max_FPUP, = 0
gpu_max_SCHEDP, = 6.00375e-05
gpu_max_L2CP, = 0.271024
gpu_max_MCP, = 0.00269927
gpu_max_NOCP, = 3.8242
gpu_max_DRAMP, = 0.0226374
gpu_max_PIPEP, = 0.428193
gpu_max_IDLE_COREP, = 0.0121383
gpu_max_CONST_DYNAMICP, = 32.325
gpu_max_BCP, = 0.0106569
gpu_max_DPUP, = 0
gpu_max_INT_MUL24P, = 0
gpu_max_INT_MUL32P, = 1.16332
gpu_max_INT_MULP, = 0
gpu_max_INT_DIVP, = 0
gpu_max_FP_MULP, = 0
gpu_max_FP_DIVP, = 0
gpu_max_FP_SQRTP, = 0
gpu_max_FP_LGP, = 0
gpu_max_FP_SINP, = 0
gpu_max_FP_EXP, = 0
gpu_max_DP_MULP, = 0
gpu_max_DP_DIVP, = 0
gpu_max_TENSORP, = 0
gpu_max_TEXP, = 0
gpu_max_STATICP = 37.24
gpu_max_TOT_INST, = 918528
gpu_max_FP_INT, = 2.94912e+06
gpu_max_IC_H, = 2048
gpu_max_IC_M, = 0
gpu_max_DC_RH, = 20928
gpu_max_DC_RM, = 0
gpu_max_DC_WH, = 0
gpu_max_DC_WM, = 0
gpu_max_TC_H, = 0
gpu_max_TC_M, = 0
gpu_max_CC_H, = 1024
gpu_max_CC_M, = 0
gpu_max_SHRD_ACC, = 0
gpu_max_REG_RD, = 2.29376e+06
gpu_max_REG_WR, = 1.85037e+06
gpu_max_NON_REG_OPs, = 0
gpu_max_SP_ACC, = 3.34234e+06
gpu_max_SFU_ACC, = 0
gpu_max_FPU_ACC, = 0
gpu_max_MEM_RD, = 38
gpu_max_MEM_WR, = 0
gpu_max_MEM_PRE, = 1
gpu_max_L2_RH, = 18185
gpu_max_L2_RM, = 0
gpu_max_L2_WH, = 2048
gpu_max_L2_WM, = 0
gpu_max_NOC_A, = 56576
gpu_max_PIPE_A, = 0
gpu_max_IDLE_CORE_N, = 0
gpu_max_CONST_DYNAMICN, = 0
gpu_max_DICE_L1B_ACC, = 1792
gpu_max_DICE_SIMT_STACK_RD, = 1792
gpu_max_DICE_SIMT_STACK_WR, = 2048
gpu_max_DICE_DISPATCH_TH, = 918528
gpu_max_DICE_SCB_LD_RSV, = 327680
gpu_max_DICE_E_BLOCKS, = 2048
gpu_max_DICE_CTA = 256

Kernel Minimum Power Data:
kernel_min_power = 82.9134
gpu_min_IBP, = 0
gpu_min_ICP, = 0.129756
gpu_min_DCP, = 1.43825
gpu_min_TCP, = 0
gpu_min_CCP, = 0.00686054
gpu_min_SHRDP, = 0
gpu_min_RFP, = 4.62345
gpu_min_SPP, = 1.41515
gpu_min_SFUP, = 0
gpu_min_FPUP, = 0
gpu_min_SCHEDP, = 6.00375e-05
gpu_min_L2CP, = 0.271024
gpu_min_MCP, = 0.00269927
gpu_min_NOCP, = 3.8242
gpu_min_DRAMP, = 0.0226374
gpu_min_PIPEP, = 0.428193
gpu_min_IDLE_COREP, = 0.0121383
gpu_min_CONST_DYNAMICP, = 32.325
gpu_min_BCP, = 0.0106569
gpu_min_DPUP, = 0
gpu_min_INT_MUL24P, = 0
gpu_min_INT_MUL32P, = 1.16332
gpu_min_INT_MULP, = 0
gpu_min_INT_DIVP, = 0
gpu_min_FP_MULP, = 0
gpu_min_FP_DIVP, = 0
gpu_min_FP_SQRTP, = 0
gpu_min_FP_LGP, = 0
gpu_min_FP_SINP, = 0
gpu_min_FP_EXP, = 0
gpu_min_DP_MULP, = 0
gpu_min_DP_DIVP, = 0
gpu_min_TENSORP, = 0
gpu_min_TEXP, = 0
gpu_min_STATICP = 37.24
gpu_min_TOT_INST, = 918528
gpu_min_FP_INT, = 2.94912e+06
gpu_min_IC_H, = 2048
gpu_min_IC_M, = 0
gpu_min_DC_RH, = 20928
gpu_min_DC_RM, = 0
gpu_min_DC_WH, = 0
gpu_min_DC_WM, = 0
gpu_min_TC_H, = 0
gpu_min_TC_M, = 0
gpu_min_CC_H, = 1024
gpu_min_CC_M, = 0
gpu_min_SHRD_ACC, = 0
gpu_min_REG_RD, = 2.29376e+06
gpu_min_REG_WR, = 1.85037e+06
gpu_min_NON_REG_OPs, = 0
gpu_min_SP_ACC, = 3.34234e+06
gpu_min_SFU_ACC, = 0
gpu_min_FPU_ACC, = 0
gpu_min_MEM_RD, = 38
gpu_min_MEM_WR, = 0
gpu_min_MEM_PRE, = 1
gpu_min_L2_RH, = 18185
gpu_min_L2_RM, = 0
gpu_min_L2_WH, = 2048
gpu_min_L2_WM, = 0
gpu_min_NOC_A, = 56576
gpu_min_PIPE_A, = 0
gpu_min_IDLE_CORE_N, = 0
gpu_min_CONST_DYNAMICN, = 0
gpu_min_DICE_L1B_ACC, = 1792
gpu_min_DICE_SIMT_STACK_RD, = 1792
gpu_min_DICE_SIMT_STACK_WR, = 2048
gpu_min_DICE_DISPATCH_TH, = 918528
gpu_min_DICE_SCB_LD_RSV, = 327680
gpu_min_DICE_E_BLOCKS, = 2048
gpu_min_DICE_CTA = 256

Accumulative Power Statistics Over Previous Kernels:
gpu_tot_avg_power = 82.9134
gpu_tot_max_power = 82.9134
gpu_tot_min_power = 82.9134


