# DICEwattch Power Report (XML-driven, GPUWattch-format)
kernel_name = _Z16stencil1d_kernelPKiPii 
kernel_launch_uid = 1 

Kernel Average Power Data:
kernel_avg_power = 78.2574
gpu_avg_IBP, = 0
gpu_avg_ICP, = 0.137249
gpu_avg_DCP, = 1.22908
gpu_avg_TCP, = 0
gpu_avg_CCP, = 0.00544254
gpu_avg_SHRDP, = 0.124101
gpu_avg_RFP, = 2.5929
gpu_avg_SPP, = 0.964653
gpu_avg_SFUP, = 0
gpu_avg_FPUP, = 0
gpu_avg_SCHEDP, = 6.35045e-05
gpu_avg_L2CP, = 0.192371
gpu_avg_MCP, = 0.00285514
gpu_avg_NOCP, = 2.88449
gpu_avg_DRAMP, = 0.0239447
gpu_avg_PIPEP, = 0.306756
gpu_avg_IDLE_COREP, = 0.0121383
gpu_avg_CONST_DYNAMICP, = 32.325
gpu_avg_BCP, = 0.0112723
gpu_avg_DPUP, = 0
gpu_avg_INT_MUL24P, = 0
gpu_avg_INT_MUL32P, = 0.205083
gpu_avg_INT_MULP, = 0
gpu_avg_INT_DIVP, = 0
gpu_avg_FP_MULP, = 0
gpu_avg_FP_DIVP, = 0
gpu_avg_FP_SQRTP, = 0
gpu_avg_FP_LGP, = 0
gpu_avg_FP_SINP, = 0
gpu_avg_FP_EXP, = 0
gpu_avg_DP_MULP, = 0
gpu_avg_DP_DIVP, = 0
gpu_avg_TENSORP, = 0
gpu_avg_TEXP, = 0
gpu_avg_STATICP = 37.24
gpu_avg_TOT_INST, = 656384
gpu_avg_FP_INT, = 1.90054e+06
gpu_avg_IC_H, = 2048
gpu_avg_IC_M, = 0
gpu_avg_DC_RH, = 16908
gpu_avg_DC_RM, = 0
gpu_avg_DC_WH, = 0
gpu_avg_DC_WM, = 0
gpu_avg_TC_H, = 0
gpu_avg_TC_M, = 0
gpu_avg_CC_H, = 768
gpu_avg_CC_M, = 0
gpu_avg_SHRD_ACC, = 196608
gpu_avg_REG_RD, = 1.31072e+06
gpu_avg_REG_WR, = 918014
gpu_avg_NON_REG_OPs, = 0
gpu_avg_SP_ACC, = 1.96608e+06
gpu_avg_SFU_ACC, = 0
gpu_avg_FPU_ACC, = 0
gpu_avg_MEM_RD, = 38
gpu_avg_MEM_WR, = 0
gpu_avg_MEM_PRE, = 1
gpu_avg_L2_RH, = 10055
gpu_avg_L2_RM, = 0
gpu_avg_L2_WH, = 2062
gpu_avg_L2_WM, = 0
gpu_avg_NOC_A, = 40344
gpu_avg_PIPE_A, = 0
gpu_avg_IDLE_CORE_N, = 0
gpu_avg_CONST_DYNAMICN, = 0
gpu_avg_DICE_L1B_ACC, = 1792
gpu_avg_DICE_SIMT_STACK_RD, = 1792
gpu_avg_DICE_SIMT_STACK_WR, = 2048
gpu_avg_DICE_DISPATCH_TH, = 656384
gpu_avg_DICE_SCB_LD_RSV, = 327680
gpu_avg_DICE_E_BLOCKS, = 2048
gpu_avg_DICE_CTA = 256

Kernel Maximum Power Data:
kernel_max_power = 78.2574
gpu_max_IBP, = 0
gpu_max_ICP, = 0.137249
gpu_max_DCP, = 1.22908
gpu_max_TCP, = 0
gpu_max_CCP, = 0.00544254
gpu_max_SHRDP, = 0.124101
gpu_max_RFP, = 2.5929
gpu_max_SPP, = 0.964653
gpu_max_SFUP, = 0
gpu_max_FPUP, = 0
gpu_max_SCHEDP, = 6.35045e-05
gpu_max_L2CP, = 0.192371
gpu_max_MCP, = 0.00285514
gpu_max_NOCP, = 2.88449
gpu_max_DRAMP, = 0.0239447
gpu_max_PIPEP, = 0.306756
gpu_max_IDLE_COREP, = 0.0121383
gpu_max_CONST_DYNAMICP, = 32.325
gpu_max_BCP, = 0.0112723
gpu_max_DPUP, = 0
gpu_max_INT_MUL24P, = 0
gpu_max_INT_MUL32P, = 0.205083
gpu_max_INT_MULP, = 0
gpu_max_INT_DIVP, = 0
gpu_max_FP_MULP, = 0
gpu_max_FP_DIVP, = 0
gpu_max_FP_SQRTP, = 0
gpu_max_FP_LGP, = 0
gpu_max_FP_SINP, = 0
gpu_max_FP_EXP, = 0
gpu_max_DP_MULP, = 0
gpu_max_DP_DIVP, = 0
gpu_max_TENSORP, = 0
gpu_max_TEXP, = 0
gpu_max_STATICP = 37.24
gpu_max_TOT_INST, = 656384
gpu_max_FP_INT, = 1.90054e+06
gpu_max_IC_H, = 2048
gpu_max_IC_M, = 0
gpu_max_DC_RH, = 16908
gpu_max_DC_RM, = 0
gpu_max_DC_WH, = 0
gpu_max_DC_WM, = 0
gpu_max_TC_H, = 0
gpu_max_TC_M, = 0
gpu_max_CC_H, = 768
gpu_max_CC_M, = 0
gpu_max_SHRD_ACC, = 196608
gpu_max_REG_RD, = 1.31072e+06
gpu_max_REG_WR, = 918014
gpu_max_NON_REG_OPs, = 0
gpu_max_SP_ACC, = 1.96608e+06
gpu_max_SFU_ACC, = 0
gpu_max_FPU_ACC, = 0
gpu_max_MEM_RD, = 38
gpu_max_MEM_WR, = 0
gpu_max_MEM_PRE, = 1
gpu_max_L2_RH, = 10055
gpu_max_L2_RM, = 0
gpu_max_L2_WH, = 2062
gpu_max_L2_WM, = 0
gpu_max_NOC_A, = 40344
gpu_max_PIPE_A, = 0
gpu_max_IDLE_CORE_N, = 0
gpu_max_CONST_DYNAMICN, = 0
gpu_max_DICE_L1B_ACC, = 1792
gpu_max_DICE_SIMT_STACK_RD, = 1792
gpu_max_DICE_SIMT_STACK_WR, = 2048
gpu_max_DICE_DISPATCH_TH, = 656384
gpu_max_DICE_SCB_LD_RSV, = 327680
gpu_max_DICE_E_BLOCKS, = 2048
gpu_max_DICE_CTA = 256

Kernel Minimum Power Data:
kernel_min_power = 78.2574
gpu_min_IBP, = 0
gpu_min_ICP, = 0.137249
gpu_min_DCP, = 1.22908
gpu_min_TCP, = 0
gpu_min_CCP, = 0.00544254
gpu_min_SHRDP, = 0.124101
gpu_min_RFP, = 2.5929
gpu_min_SPP, = 0.964653
gpu_min_SFUP, = 0
gpu_min_FPUP, = 0
gpu_min_SCHEDP, = 6.35045e-05
gpu_min_L2CP, = 0.192371
gpu_min_MCP, = 0.00285514
gpu_min_NOCP, = 2.88449
gpu_min_DRAMP, = 0.0239447
gpu_min_PIPEP, = 0.306756
gpu_min_IDLE_COREP, = 0.0121383
gpu_min_CONST_DYNAMICP, = 32.325
gpu_min_BCP, = 0.0112723
gpu_min_DPUP, = 0
gpu_min_INT_MUL24P, = 0
gpu_min_INT_MUL32P, = 0.205083
gpu_min_INT_MULP, = 0
gpu_min_INT_DIVP, = 0
gpu_min_FP_MULP, = 0
gpu_min_FP_DIVP, = 0
gpu_min_FP_SQRTP, = 0
gpu_min_FP_LGP, = 0
gpu_min_FP_SINP, = 0
gpu_min_FP_EXP, = 0
gpu_min_DP_MULP, = 0
gpu_min_DP_DIVP, = 0
gpu_min_TENSORP, = 0
gpu_min_TEXP, = 0
gpu_min_STATICP = 37.24
gpu_min_TOT_INST, = 656384
gpu_min_FP_INT, = 1.90054e+06
gpu_min_IC_H, = 2048
gpu_min_IC_M, = 0
gpu_min_DC_RH, = 16908
gpu_min_DC_RM, = 0
gpu_min_DC_WH, = 0
gpu_min_DC_WM, = 0
gpu_min_TC_H, = 0
gpu_min_TC_M, = 0
gpu_min_CC_H, = 768
gpu_min_CC_M, = 0
gpu_min_SHRD_ACC, = 196608
gpu_min_REG_RD, = 1.31072e+06
gpu_min_REG_WR, = 918014
gpu_min_NON_REG_OPs, = 0
gpu_min_SP_ACC, = 1.96608e+06
gpu_min_SFU_ACC, = 0
gpu_min_FPU_ACC, = 0
gpu_min_MEM_RD, = 38
gpu_min_MEM_WR, = 0
gpu_min_MEM_PRE, = 1
gpu_min_L2_RH, = 10055
gpu_min_L2_RM, = 0
gpu_min_L2_WH, = 2062
gpu_min_L2_WM, = 0
gpu_min_NOC_A, = 40344
gpu_min_PIPE_A, = 0
gpu_min_IDLE_CORE_N, = 0
gpu_min_CONST_DYNAMICN, = 0
gpu_min_DICE_L1B_ACC, = 1792
gpu_min_DICE_SIMT_STACK_RD, = 1792
gpu_min_DICE_SIMT_STACK_WR, = 2048
gpu_min_DICE_DISPATCH_TH, = 656384
gpu_min_DICE_SCB_LD_RSV, = 327680
gpu_min_DICE_E_BLOCKS, = 2048
gpu_min_DICE_CTA = 256

Accumulative Power Statistics Over Previous Kernels:
gpu_tot_avg_power = 78.2574
gpu_tot_max_power = 78.2574
gpu_tot_min_power = 78.2574


