kernel_name = _Z16block_sum_kernelPKiPii 
kernel_launch_uid = 1 

Kernel Average Power Data:
kernel_avg_power = 43.4887
gpu_avg_IBP, = 0.0004843
gpu_avg_ICP, = 0.0418359
gpu_avg_DCP, = 0.0430918
gpu_avg_TCP, = 0
gpu_avg_CCP, = 0
gpu_avg_SHRDP, = 0.000203988
gpu_avg_RFP, = 0.0711937
gpu_avg_INTP, = 0.0103811
gpu_avg_FPUP, = 0
gpu_avg_DPUP, = 0
gpu_avg_INT_MUL24P, = 0
gpu_avg_INT_MUL32P, = 0.0153028
gpu_avg_INT_MULP, = 0
gpu_avg_INT_DIVP, = 0
gpu_avg_FP_MULP, = 0
gpu_avg_FP_DIVP, = 0
gpu_avg_FP_SQRTP, = 0
gpu_avg_FP_LGP, = 0
gpu_avg_FP_SINP, = 0
gpu_avg_FP_EXP, = 0
gpu_avg_DP_MULP, = 0
gpu_avg_DP_DIVP, = 0
gpu_avg_TENSORP, = 0
gpu_avg_TEXP, = 0
gpu_avg_SCHEDP, = 0.00699161
gpu_avg_L2CP, = 0.0111845
gpu_avg_MCP, = 0.559283
gpu_avg_NOCP, = 0.0875125
gpu_avg_DRAMP, = 0.00067579
gpu_avg_PIPEP, = 0.00027954
gpu_avg_IDLE_COREP, = 9.33213
gpu_avg_CONSTP = 32.3252
gpu_avg_STATICP = 0.982887
gpu_avg_TOT_INST, = 140.114
gpu_avg_FP_INT, = 140.114
gpu_avg_IC_H, = 69.8943
gpu_avg_IC_M, = 0.195122
gpu_avg_DC_RH, = 0
gpu_avg_DC_RM, = 66.6016
gpu_avg_DC_WH, = 0
gpu_avg_DC_WM, = 0
gpu_avg_TC_H, = 0
gpu_avg_TC_M, = 0
gpu_avg_CC_H, = 0
gpu_avg_CC_M, = 0
gpu_avg_SHRD_ACC, = 0.365854
gpu_avg_REG_RD, = 5464.98
gpu_avg_REG_WR, = 4909.27
gpu_avg_NON_REG_OPs, = 1131.71
gpu_avg_INT_ACC, = 7644.92
gpu_avg_FPU_ACC, = 0
gpu_avg_DPU_ACC, = 0
gpu_avg_INT_MUL24_ACC, = 0
gpu_avg_INT_MUL32_ACC, = 134.588
gpu_avg_INT_MUL_ACC, = 0
gpu_avg_INT_DIV_ACC, = 0
gpu_avg_FP_MUL_ACC, = 0
gpu_avg_FP_DIV_ACC, = 0
gpu_avg_FP_SQRT_ACC, = 0
gpu_avg_FP_LG_ACC, = 0
gpu_avg_FP_SIN_ACC, = 0
gpu_avg_FP_EXP_ACC, = 0
gpu_avg_DP_MUL_ACC, = 0
gpu_avg_DP_DIV_ACC, = 0
gpu_avg_TENSOR_ACC, = 0
gpu_avg_TEX_ACC, = 0
gpu_avg_MEM_RD, = 0.105691
gpu_avg_MEM_WR, = 0
gpu_avg_MEM_PRE, = 0.00813008
gpu_avg_L2_RH, = 66.6016
gpu_avg_L2_RM, = 0.113821
gpu_avg_L2_WH, = 0
gpu_avg_L2_WM, = 0
gpu_avg_NOC_A, = 133.358
gpu_avg_PIPE_A, = 0.000894242
gpu_avg_IDLE_CORE_N, = 33
gpu_avg_constant_power = 0
gpu_avg_threads_per_warp = 31.986
gpu_tot_TOT_INST, = 17234
gpu_tot_FP_INT, = 17234
gpu_tot_IC_H, = 8597
gpu_tot_IC_M, = 24
gpu_tot_DC_RH, = 0
gpu_tot_DC_RM, = 8192
gpu_tot_DC_WH, = 0
gpu_tot_DC_WM, = 0
gpu_tot_TC_H, = 0
gpu_tot_TC_M, = 0
gpu_tot_CC_H, = 0
gpu_tot_CC_M, = 0
gpu_tot_SHRD_ACC, = 45
gpu_tot_REG_RD, = 672192
gpu_tot_REG_WR, = 603840
gpu_tot_NON_REG_OPs, = 139200
gpu_tot_INT_ACC, = 940325
gpu_tot_FPU_ACC, = 0
gpu_tot_DPU_ACC, = 0
gpu_tot_INT_MUL24_ACC, = 0
gpu_tot_INT_MUL32_ACC, = 16554.3
gpu_tot_INT_MUL_ACC, = 0
gpu_tot_INT_DIV_ACC, = 0
gpu_tot_FP_MUL_ACC, = 0
gpu_tot_FP_DIV_ACC, = 0
gpu_tot_FP_SQRT_ACC, = 0
gpu_tot_FP_LG_ACC, = 0
gpu_tot_FP_SIN_ACC, = 0
gpu_tot_FP_EXP_ACC, = 0
gpu_tot_DP_MUL_ACC, = 0
gpu_tot_DP_DIV_ACC, = 0
gpu_tot_TENSOR_ACC, = 0
gpu_tot_TEX_ACC, = 0
gpu_tot_MEM_RD, = 13
gpu_tot_MEM_WR, = 0
gpu_tot_MEM_PRE, = 1
gpu_tot_L2_RH, = 8192
gpu_tot_L2_RM, = 14
gpu_tot_L2_WH, = 0
gpu_tot_L2_WM, = 0
gpu_tot_NOC_A, = 16403
gpu_tot_PIPE_A, = 0.109992
gpu_tot_IDLE_CORE_N, = 4059
gpu_tot_constant_power = 0

Kernel Maximum Power Data:
kernel_max_power = 43.5751
gpu_max_IBP, = 0.00195637
gpu_max_ICP, = 0.168284
gpu_max_DCP, = 0
gpu_max_TCP, = 0
gpu_max_CCP, = 0
gpu_max_SHRDP, = 0.0117089
gpu_max_RFP, = 0.199039
gpu_max_INTP, = 0.0342673
gpu_max_FPUP, = 0
gpu_max_DPUP, = 0
gpu_max_INT_MUL24P, = 0
gpu_max_INT_MUL32P, = 0
gpu_max_INT_MULP, = 0
gpu_max_INT_DIVP, = 0
gpu_max_FP_MULP, = 0
gpu_max_FP_DIVP, = 0
gpu_max_FP_SQRTP, = 0
gpu_max_FP_LGP, = 0
gpu_max_FP_SINP, = 0
gpu_max_FP_EXP, = 0
gpu_max_DP_MULP, = 0
gpu_max_DP_DIVP, = 0
gpu_max_TENSORP, = 0
gpu_max_TEXP, = 0
gpu_max_SCHEDP, = 0.0282431
gpu_max_L2CP, = 0
gpu_max_MCP, = 0.55022
gpu_max_NOCP, = 0.000656224
gpu_max_DRAMP, = 0
gpu_max_PIPEP, = 0.000916825
gpu_max_IDLE_COREP, = 9.33212
gpu_max_CONSTP = 32.3252
gpu_max_STATICP = 0.922413
gpu_max_TOT_INST, = 566
gpu_max_FP_INT, = 566
gpu_max_IC_H, = 287
gpu_max_IC_M, = 0
gpu_max_DC_RH, = 0
gpu_max_DC_RM, = 0
gpu_max_DC_WH, = 0
gpu_max_DC_WM, = 0
gpu_max_TC_H, = 0
gpu_max_TC_M, = 0
gpu_max_CC_H, = 0
gpu_max_CC_M, = 0
gpu_max_SHRD_ACC, = 21
gpu_max_REG_RD, = 10624
gpu_max_REG_WR, = 8256
gpu_max_NON_REG_OPs, = 4480
gpu_max_INT_ACC, = 25235.5
gpu_max_FPU_ACC, = 0
gpu_max_DPU_ACC, = 0
gpu_max_INT_MUL24_ACC, = 0
gpu_max_INT_MUL32_ACC, = 0
gpu_max_INT_MUL_ACC, = 0
gpu_max_INT_DIV_ACC, = 0
gpu_max_FP_MUL_ACC, = 0
gpu_max_FP_DIV_ACC, = 0
gpu_max_FP_SQRT_ACC, = 0
gpu_max_FP_LG_ACC, = 0
gpu_max_FP_SIN_ACC, = 0
gpu_max_FP_EXP_ACC, = 0
gpu_max_DP_MUL_ACC, = 0
gpu_max_DP_DIV_ACC, = 0
gpu_max_TENSOR_ACC, = 0
gpu_max_TEX_ACC, = 0
gpu_max_MEM_RD, = 0
gpu_max_MEM_WR, = 0
gpu_max_MEM_PRE, = 0
gpu_max_L2_RH, = 0
gpu_max_L2_RM, = 0
gpu_max_L2_WH, = 0
gpu_max_L2_WM, = 0
gpu_max_NOC_A, = 1
gpu_max_PIPE_A, = 0.0029329
gpu_max_IDLE_CORE_N, = 33
gpu_max_constant_power = 0

Kernel Minimum Power Data:
kernel_min_power = 43.2484
gpu_min_IBP, = 0.000165911
gpu_min_ICP, = 0.0443548
gpu_min_DCP, = 0
gpu_min_TCP, = 0
gpu_min_CCP, = 0
gpu_min_SHRDP, = 0
gpu_min_RFP, = 0.0302136
gpu_min_INTP, = 0.00119223
gpu_min_FPUP, = 0
gpu_min_DPUP, = 0
gpu_min_INT_MUL24P, = 0
gpu_min_INT_MUL32P, = 0
gpu_min_INT_MULP, = 0
gpu_min_INT_DIVP, = 0
gpu_min_FP_MULP, = 0
gpu_min_FP_DIVP, = 0
gpu_min_FP_SQRTP, = 0
gpu_min_FP_LGP, = 0
gpu_min_FP_SINP, = 0
gpu_min_FP_EXP, = 0
gpu_min_DP_MULP, = 0
gpu_min_DP_DIVP, = 0
gpu_min_TENSORP, = 0
gpu_min_TEXP, = 0
gpu_min_SCHEDP, = 0.00239518
gpu_min_L2CP, = 8.81697e-05
gpu_min_MCP, = 0.55088
gpu_min_NOCP, = 0.00393734
gpu_min_DRAMP, = 0.0252545
gpu_min_PIPEP, = 1.83882e-05
gpu_min_IDLE_COREP, = 9.33269
gpu_min_CONSTP = 32.3252
gpu_min_STATICP = 0.931975
gpu_min_TOT_INST, = 48
gpu_min_FP_INT, = 48
gpu_min_IC_H, = 16
gpu_min_IC_M, = 8
gpu_min_DC_RH, = 0
gpu_min_DC_RM, = 0
gpu_min_DC_WH, = 0
gpu_min_DC_WM, = 0
gpu_min_TC_H, = 0
gpu_min_TC_M, = 0
gpu_min_CC_H, = 0
gpu_min_CC_M, = 0
gpu_min_SHRD_ACC, = 0
gpu_min_REG_RD, = 0
gpu_min_REG_WR, = 256
gpu_min_NON_REG_OPs, = 1024
gpu_min_INT_ACC, = 877.995
gpu_min_FPU_ACC, = 0
gpu_min_DPU_ACC, = 0
gpu_min_INT_MUL24_ACC, = 0
gpu_min_INT_MUL32_ACC, = 0
gpu_min_INT_MUL_ACC, = 0
gpu_min_INT_DIV_ACC, = 0
gpu_min_FP_MUL_ACC, = 0
gpu_min_FP_DIV_ACC, = 0
gpu_min_FP_SQRT_ACC, = 0
gpu_min_FP_LG_ACC, = 0
gpu_min_FP_SIN_ACC, = 0
gpu_min_FP_EXP_ACC, = 0
gpu_min_DP_MUL_ACC, = 0
gpu_min_DP_DIV_ACC, = 0
gpu_min_TENSOR_ACC, = 0
gpu_min_TEX_ACC, = 0
gpu_min_MEM_RD, = 4
gpu_min_MEM_WR, = 0
gpu_min_MEM_PRE, = 0
gpu_min_L2_RH, = 0
gpu_min_L2_RM, = 6
gpu_min_L2_WH, = 0
gpu_min_L2_WM, = 0
gpu_min_NOC_A, = 6
gpu_min_PIPE_A, = 5.88235e-05
gpu_min_IDLE_CORE_N, = 33.002
gpu_min_constant_power = 0

Accumulative Power Statistics Over Previous Kernels:
gpu_tot_avg_power = 43.4887
gpu_tot_max_power = 43.5751
gpu_tot_min_power = 43.2484


