# DICEwattch Power Report (XML-driven, GPUWattch-format)
kernel_name = _Z14dynproc_kerneliPiS_S_iiii 
kernel_launch_uid = 1 

Kernel Average Power Data:
kernel_avg_power = 119.119
gpu_avg_IBP, = 0
gpu_avg_ICP, = 0.193977
gpu_avg_DCP, = 3.03612
gpu_avg_TCP, = 0
gpu_avg_CCP, = 0.00375404
gpu_avg_SHRDP, = 0
gpu_avg_RFP, = 7.7993
gpu_avg_SPP, = 2.80246
gpu_avg_SFUP, = 0
gpu_avg_FPUP, = 0
gpu_avg_SCHEDP, = 8.97524e-05
gpu_avg_L2CP, = 0.168718
gpu_avg_MCP, = 2.72375
gpu_avg_NOCP, = 6.0364
gpu_avg_DRAMP, = 22.8427
gpu_avg_PIPEP, = 0.825363
gpu_avg_IDLE_COREP, = 0.0121383
gpu_avg_CONST_DYNAMICP, = 32.325
gpu_avg_BCP, = 0.0177313
gpu_avg_DPUP, = 0
gpu_avg_INT_MUL24P, = 0
gpu_avg_INT_MUL32P, = 3.09186
gpu_avg_INT_MULP, = 0
gpu_avg_INT_DIVP, = 0
gpu_avg_FP_MULP, = 0
gpu_avg_FP_DIVP, = 0
gpu_avg_FP_SQRTP, = 0
gpu_avg_FP_LGP, = 0
gpu_avg_FP_SINP, = 0
gpu_avg_FP_EXP, = 0
gpu_avg_DP_MULP, = 0
gpu_avg_DP_DIVP, = 0
gpu_avg_TENSORP, = 0
gpu_avg_TEXP, = 0
gpu_avg_STATICP = 37.24
gpu_avg_TOT_INST, = 1.53212e+07
gpu_avg_FP_INT, = 3.96902e+07
gpu_avg_IC_H, = 20807
gpu_avg_IC_M, = 0
gpu_avg_DC_RH, = 300240
gpu_avg_DC_RM, = 0
gpu_avg_DC_WH, = 0
gpu_avg_DC_WM, = 0
gpu_avg_TC_H, = 0
gpu_avg_TC_M, = 0
gpu_avg_CC_H, = 3808
gpu_avg_CC_M, = 0
gpu_avg_SHRD_ACC, = 0
gpu_avg_REG_RD, = 3.32841e+07
gpu_avg_REG_WR, = 1.65545e+07
gpu_avg_NON_REG_OPs, = 0
gpu_avg_SP_ACC, = 4.67927e+07
gpu_avg_SFU_ACC, = 0
gpu_avg_FPU_ACC, = 0
gpu_avg_MEM_RD, = 258990
gpu_avg_MEM_WR, = 0
gpu_avg_MEM_PRE, = 11664
gpu_avg_L2_RH, = 92103
gpu_avg_L2_RM, = 0
gpu_avg_L2_WH, = 3808
gpu_avg_L2_WM, = 0
gpu_avg_NOC_A, = 606912
gpu_avg_PIPE_A, = 0
gpu_avg_IDLE_CORE_N, = 0
gpu_avg_CONST_DYNAMICN, = 0
gpu_avg_DICE_L1B_ACC, = 20263
gpu_avg_DICE_SIMT_STACK_RD, = 20128
gpu_avg_DICE_SIMT_STACK_WR, = 29376
gpu_avg_DICE_DISPATCH_TH, = 1.53212e+07
gpu_avg_DICE_SCB_LD_RSV, = 2.36749e+06
gpu_avg_DICE_E_BLOCKS, = 20807
gpu_avg_DICE_CTA = 544

Kernel Maximum Power Data:
kernel_max_power = 119.119
gpu_max_IBP, = 0
gpu_max_ICP, = 0.193977
gpu_max_DCP, = 3.03612
gpu_max_TCP, = 0
gpu_max_CCP, = 0.00375404
gpu_max_SHRDP, = 0
gpu_max_RFP, = 7.7993
gpu_max_SPP, = 2.80246
gpu_max_SFUP, = 0
gpu_max_FPUP, = 0
gpu_max_SCHEDP, = 8.97524e-05
gpu_max_L2CP, = 0.168718
gpu_max_MCP, = 2.72375
gpu_max_NOCP, = 6.0364
gpu_max_DRAMP, = 22.8427
gpu_max_PIPEP, = 0.825363
gpu_max_IDLE_COREP, = 0.0121383
gpu_max_CONST_DYNAMICP, = 32.325
gpu_max_BCP, = 0.0177313
gpu_max_DPUP, = 0
gpu_max_INT_MUL24P, = 0
gpu_max_INT_MUL32P, = 3.09186
gpu_max_INT_MULP, = 0
gpu_max_INT_DIVP, = 0
gpu_max_FP_MULP, = 0
gpu_max_FP_DIVP, = 0
gpu_max_FP_SQRTP, = 0
gpu_max_FP_LGP, = 0
gpu_max_FP_SINP, = 0
gpu_max_FP_EXP, = 0
gpu_max_DP_MULP, = 0
gpu_max_DP_DIVP, = 0
gpu_max_TENSORP, = 0
gpu_max_TEXP, = 0
gpu_max_STATICP = 37.24
gpu_max_TOT_INST, = 1.53212e+07
gpu_max_FP_INT, = 3.96902e+07
gpu_max_IC_H, = 20807
gpu_max_IC_M, = 0
gpu_max_DC_RH, = 300240
gpu_max_DC_RM, = 0
gpu_max_DC_WH, = 0
gpu_max_DC_WM, = 0
gpu_max_TC_H, = 0
gpu_max_TC_M, = 0
gpu_max_CC_H, = 3808
gpu_max_CC_M, = 0
gpu_max_SHRD_ACC, = 0
gpu_max_REG_RD, = 3.32841e+07
gpu_max_REG_WR, = 1.65545e+07
gpu_max_NON_REG_OPs, = 0
gpu_max_SP_ACC, = 4.67927e+07
gpu_max_SFU_ACC, = 0
gpu_max_FPU_ACC, = 0
gpu_max_MEM_RD, = 258990
gpu_max_MEM_WR, = 0
gpu_max_MEM_PRE, = 11664
gpu_max_L2_RH, = 92103
gpu_max_L2_RM, = 0
gpu_max_L2_WH, = 3808
gpu_max_L2_WM, = 0
gpu_max_NOC_A, = 606912
gpu_max_PIPE_A, = 0
gpu_max_IDLE_CORE_N, = 0
gpu_max_CONST_DYNAMICN, = 0
gpu_max_DICE_L1B_ACC, = 20263
gpu_max_DICE_SIMT_STACK_RD, = 20128
gpu_max_DICE_SIMT_STACK_WR, = 29376
gpu_max_DICE_DISPATCH_TH, = 1.53212e+07
gpu_max_DICE_SCB_LD_RSV, = 2.36749e+06
gpu_max_DICE_E_BLOCKS, = 20807
gpu_max_DICE_CTA = 544

Kernel Minimum Power Data:
kernel_min_power = 119.119
gpu_min_IBP, = 0
gpu_min_ICP, = 0.193977
gpu_min_DCP, = 3.03612
gpu_min_TCP, = 0
gpu_min_CCP, = 0.00375404
gpu_min_SHRDP, = 0
gpu_min_RFP, = 7.7993
gpu_min_SPP, = 2.80246
gpu_min_SFUP, = 0
gpu_min_FPUP, = 0
gpu_min_SCHEDP, = 8.97524e-05
gpu_min_L2CP, = 0.168718
gpu_min_MCP, = 2.72375
gpu_min_NOCP, = 6.0364
gpu_min_DRAMP, = 22.8427
gpu_min_PIPEP, = 0.825363
gpu_min_IDLE_COREP, = 0.0121383
gpu_min_CONST_DYNAMICP, = 32.325
gpu_min_BCP, = 0.0177313
gpu_min_DPUP, = 0
gpu_min_INT_MUL24P, = 0
gpu_min_INT_MUL32P, = 3.09186
gpu_min_INT_MULP, = 0
gpu_min_INT_DIVP, = 0
gpu_min_FP_MULP, = 0
gpu_min_FP_DIVP, = 0
gpu_min_FP_SQRTP, = 0
gpu_min_FP_LGP, = 0
gpu_min_FP_SINP, = 0
gpu_min_FP_EXP, = 0
gpu_min_DP_MULP, = 0
gpu_min_DP_DIVP, = 0
gpu_min_TENSORP, = 0
gpu_min_TEXP, = 0
gpu_min_STATICP = 37.24
gpu_min_TOT_INST, = 1.53212e+07
gpu_min_FP_INT, = 3.96902e+07
gpu_min_IC_H, = 20807
gpu_min_IC_M, = 0
gpu_min_DC_RH, = 300240
gpu_min_DC_RM, = 0
gpu_min_DC_WH, = 0
gpu_min_DC_WM, = 0
gpu_min_TC_H, = 0
gpu_min_TC_M, = 0
gpu_min_CC_H, = 3808
gpu_min_CC_M, = 0
gpu_min_SHRD_ACC, = 0
gpu_min_REG_RD, = 3.32841e+07
gpu_min_REG_WR, = 1.65545e+07
gpu_min_NON_REG_OPs, = 0
gpu_min_SP_ACC, = 4.67927e+07
gpu_min_SFU_ACC, = 0
gpu_min_FPU_ACC, = 0
gpu_min_MEM_RD, = 258990
gpu_min_MEM_WR, = 0
gpu_min_MEM_PRE, = 11664
gpu_min_L2_RH, = 92103
gpu_min_L2_RM, = 0
gpu_min_L2_WH, = 3808
gpu_min_L2_WM, = 0
gpu_min_NOC_A, = 606912
gpu_min_PIPE_A, = 0
gpu_min_IDLE_CORE_N, = 0
gpu_min_CONST_DYNAMICN, = 0
gpu_min_DICE_L1B_ACC, = 20263
gpu_min_DICE_SIMT_STACK_RD, = 20128
gpu_min_DICE_SIMT_STACK_WR, = 29376
gpu_min_DICE_DISPATCH_TH, = 1.53212e+07
gpu_min_DICE_SCB_LD_RSV, = 2.36749e+06
gpu_min_DICE_E_BLOCKS, = 20807
gpu_min_DICE_CTA = 544

Accumulative Power Statistics Over Previous Kernels:
gpu_tot_avg_power = 119.119
gpu_tot_max_power = 119.119
gpu_tot_min_power = 119.119


